Component: ARM Compiler 5.06 update 3 (build 300) Tool: armlink [4d35c9]

==============================================================================

Section Cross References

    main.o(.text) refers to stm32f4xx_rcc.o(.text) for RCC_GetClocksFreq
    main.o(.text) refers to st7735r.o(.text) for st7735r_init
    main.o(.text) refers to usart.o(.text) for USART1_Config
    main.o(.text) refers to test_functions.o(.text) for YYH_motor_Init
    stm32f4xx_it.o(.text) refers to stm32f4xx_usart.o(.text) for USART_GetITStatus
    stm32f4xx_it.o(.text) refers to test_functions.o(.text) for YYH_motor
    stm32f4xx_it.o(.text) refers to st7735r.o(.text) for st7735r_string
    stm32f4xx_it.o(.text) refers to stm32f4xx_exti.o(.text) for EXTI_GetITStatus
    stm32f4xx_it.o(.text) refers to stm32f4xx_gpio.o(.text) for GPIO_ReadInputDataBit
    stm32f4xx_it.o(.text) refers to stm32f4xx_tim.o(.text) for TIM_GetITStatus
    stm32f4xx_it.o(.text) refers to delay.o(.data) for TimingDelay
    stm32f4xx_it.o(.text) refers to stm32f4xx_it.o(.data) for Data
    system_stm32f4xx.o(.text) refers to system_stm32f4xx.o(.data) for SystemCoreClock
    stm32f4xx_adc.o(.text) refers to stm32f4xx_rcc.o(.text) for RCC_APB2PeriphResetCmd
    stm32f4xx_can.o(.text) refers to stm32f4xx_rcc.o(.text) for RCC_APB1PeriphResetCmd
    stm32f4xx_cryp.o(.text) refers to stm32f4xx_rcc.o(.text) for RCC_AHB2PeriphResetCmd
    stm32f4xx_cryp_aes.o(.text) refers to stm32f4xx_cryp.o(.text) for CRYP_KeyStructInit
    stm32f4xx_cryp_des.o(.text) refers to stm32f4xx_cryp.o(.text) for CRYP_KeyStructInit
    stm32f4xx_cryp_tdes.o(.text) refers to stm32f4xx_cryp.o(.text) for CRYP_KeyStructInit
    stm32f4xx_dac.o(.text) refers to stm32f4xx_rcc.o(.text) for RCC_APB1PeriphResetCmd
    stm32f4xx_gpio.o(.text) refers to stm32f4xx_rcc.o(.text) for RCC_AHB1PeriphResetCmd
    stm32f4xx_hash.o(.text) refers to stm32f4xx_rcc.o(.text) for RCC_AHB2PeriphResetCmd
    stm32f4xx_hash_md5.o(.text) refers to stm32f4xx_hash.o(.text) for HASH_DeInit
    stm32f4xx_hash_sha1.o(.text) refers to stm32f4xx_hash.o(.text) for HASH_DeInit
    stm32f4xx_i2c.o(.text) refers to stm32f4xx_rcc.o(.text) for RCC_APB1PeriphResetCmd
    stm32f4xx_pwr.o(.text) refers to stm32f4xx_rcc.o(.text) for RCC_APB1PeriphResetCmd
    stm32f4xx_rcc.o(.text) refers to stm32f4xx_rcc.o(.data) for APBAHBPrescTable
    stm32f4xx_rng.o(.text) refers to stm32f4xx_rcc.o(.text) for RCC_AHB2PeriphResetCmd
    stm32f4xx_sdio.o(.text) refers to stm32f4xx_rcc.o(.text) for RCC_APB2PeriphResetCmd
    stm32f4xx_spi.o(.text) refers to stm32f4xx_rcc.o(.text) for RCC_APB2PeriphResetCmd
    stm32f4xx_syscfg.o(.text) refers to stm32f4xx_rcc.o(.text) for RCC_APB2PeriphResetCmd
    stm32f4xx_tim.o(.text) refers to stm32f4xx_rcc.o(.text) for RCC_APB2PeriphResetCmd
    stm32f4xx_usart.o(.text) refers to stm32f4xx_rcc.o(.text) for RCC_APB2PeriphResetCmd
    stm32f4xx_wwdg.o(.text) refers to stm32f4xx_rcc.o(.text) for RCC_APB1PeriphResetCmd
    startup_stm32f4xx.o(STACK) refers (Special) to heapauxi.o(.text) for __use_two_region_memory
    startup_stm32f4xx.o(HEAP) refers (Special) to heapauxi.o(.text) for __use_two_region_memory
    startup_stm32f4xx.o(RESET) refers (Special) to heapauxi.o(.text) for __use_two_region_memory
    startup_stm32f4xx.o(RESET) refers to startup_stm32f4xx.o(STACK) for __initial_sp
    startup_stm32f4xx.o(RESET) refers to startup_stm32f4xx.o(.text) for Reset_Handler
    startup_stm32f4xx.o(RESET) refers to stm32f4xx_it.o(.text) for NMI_Handler
    startup_stm32f4xx.o(RESET) refers to calculate_h_time.o(.text) for TIM5_IRQHandler
    startup_stm32f4xx.o(.text) refers (Special) to heapauxi.o(.text) for __use_two_region_memory
    startup_stm32f4xx.o(.text) refers to system_stm32f4xx.o(.text) for SystemInit
    startup_stm32f4xx.o(.text) refers to __main.o(!!!main) for __main
    startup_stm32f4xx.o(.text) refers to startup_stm32f4xx.o(HEAP) for Heap_Mem
    startup_stm32f4xx.o(.text) refers to startup_stm32f4xx.o(STACK) for Stack_Mem
    delay.o(.text) refers to delay.o(.data) for TimingDelay
    led.o(.text) refers to stm32f4xx_rcc.o(.text) for RCC_AHB1PeriphClockCmd
    led.o(.text) refers to stm32f4xx_gpio.o(.text) for GPIO_Init
    usart.o(.text) refers to _printf_percent.o(.ARM.Collect$$_printf_percent$$00000000) for _printf_percent
    usart.o(.text) refers to _printf_d.o(.ARM.Collect$$_printf_percent$$00000009) for _printf_d
    usart.o(.text) refers to _printf_dec.o(.text) for _printf_int_dec
    usart.o(.text) refers to stm32f4xx_rcc.o(.text) for RCC_APB1PeriphClockCmd
    usart.o(.text) refers to stm32f4xx_gpio.o(.text) for GPIO_Init
    usart.o(.text) refers to misc.o(.text) for NVIC_Init
    usart.o(.text) refers to stm32f4xx_usart.o(.text) for USART_Init
    usart.o(.text) refers to delay.o(.text) for Delay_Us
    usart.o(.text) refers to noretval__2sprintf.o(.text) for __2sprintf
    key_4x4.o(.text) refers to stm32f4xx_rcc.o(.text) for RCC_AHB1PeriphClockCmd
[...]
    ../clib/angel/scatter.s                  0x00000000   Number         0  __scatter.o ABSOLUTE
    ../clib/angel/startup.s                  0x00000000   Number         0  __main.o ABSOLUTE
    ../clib/angel/sys.s                      0x00000000   Number         0  indicate_semi.o ABSOLUTE
    ../clib/angel/sys.s                      0x00000000   Number         0  sys_stackheap_outer.o ABSOLUTE
    ../clib/angel/sys.s                      0x00000000   Number         0  use_no_semi.o ABSOLUTE
    ../clib/angel/sys.s                      0x00000000   Number         0  libspace.o ABSOLUTE
    ../clib/angel/sysapp.c                   0x00000000   Number         0  sys_exit.o ABSOLUTE
    ../clib/angel/sysapp.c                   0x00000000   Number         0  sys_wrch.o ABSOLUTE
    ../clib/angel/sysapp.c                   0x00000000   Number         0  sys_command.o ABSOLUTE
    ../clib/armsys.c                         0x00000000   Number         0  no_argv.o ABSOLUTE
    ../clib/armsys.c                         0x00000000   Number         0  _get_argv_nomalloc.o ABSOLUTE
    ../clib/armsys.c                         0x00000000   Number         0  argv_veneer.o ABSOLUTE
    ../clib/armsys.c                         0x00000000   Number         0  argv_veneer.o ABSOLUTE
    ../clib/heapalloc.c                      0x00000000   Number         0  hrguard.o ABSOLUTE
    ../clib/heapaux.c                        0x00000000   Number         0  heapauxi.o ABSOLUTE
    ../clib/libinit.s                        0x00000000   Number         0  libinit2.o ABSOLUTE
    ../clib/libinit.s                        0x00000000   Number         0  libinit.o ABSOLUTE
    ../clib/libinit.s                        0x00000000   Number         0  libshutdown2.o ABSOLUTE
    ../clib/libinit.s                        0x00000000   Number         0  libshutdown.o ABSOLUTE
    ../clib/memcpset.s                       0x00000000   Number         0  rt_memclr_w.o ABSOLUTE
    ../clib/printf.c                         0x00000000   Number         0  __printf_flags_ss.o ABSOLUTE
    ../clib/printf.c                         0x00000000   Number         0  __printf_wp.o ABSOLUTE
    ../clib/printf.c                         0x00000000   Number         0  __printf_flags_wp.o ABSOLUTE
    ../clib/printf.c                         0x00000000   Number         0  __printf_ss_wp.o ABSOLUTE
    ../clib/printf.c                         0x00000000   Number         0  __printf_ss.o ABSOLUTE
    ../clib/printf.c                         0x00000000   Number         0  __printf_flags_ss_wp.o ABSOLUTE
    ../clib/printf.c                         0x00000000   Number         0  _printf_char_common.o ABSOLUTE
    ../clib/printf.c                         0x00000000   Number         0  _sputc.o ABSOLUTE
    ../clib/printf.c                         0x00000000   Number         0  _printf_intcommon.o ABSOLUTE
    ../clib/printf.c                         0x00000000   Number         0  __2sprintf.o ABSOLUTE
    ../clib/printf.c                         0x00000000   Number         0  noretval__2sprintf.o ABSOLUTE
    ../clib/printf.c                         0x00000000   Number         0  __printf.o ABSOLUTE
    ../clib/printf.c                         0x00000000   Number         0  _printf_dec.o ABSOLUTE
    ../clib/printf.c                         0x00000000   Number         0  __printf_nopercent.o ABSOLUTE
    ../clib/printf.c                         0x00000000   Number         0  __printf_flags.o ABSOLUTE
    ../clib/printf_percent.s                 0x00000000   Number         0  _printf_percent_end.o ABSOLUTE
    ../clib/printf_percent.s                 0x00000000   Number         0  _printf_d.o ABSOLUTE
    ../clib/printf_percent.s                 0x00000000   Number         0  _printf_percent.o ABSOLUTE
    ../clib/signal.c                         0x00000000   Number         0  defsig_cppl_inner.o ABSOLUTE
    ../clib/signal.c                         0x00000000   Number         0  defsig_rtmem_formal.o ABSOLUTE
    ../clib/signal.c                         0x00000000   Number         0  defsig_rtmem_outer.o ABSOLUTE
    ../clib/signal.c                         0x00000000   Number         0  defsig_other.o ABSOLUTE
    ../clib/signal.c                         0x00000000   Number         0  defsig_segv_inner.o ABSOLUTE
    ../clib/signal.c                         0x00000000   Number         0  defsig_fpe_inner.o ABSOLUTE
    ../clib/signal.c                         0x00000000   Number         0  defsig_general.o ABSOLUTE
    ../clib/signal.c                         0x00000000   Number         0  __raise.o ABSOLUTE
    ../clib/signal.c                         0x00000000   Number         0  defsig_pvfn_inner.o ABSOLUTE
    ../clib/signal.c                         0x00000000   Number         0  defsig_abrt_inner.o ABSOLUTE
    ../clib/signal.c                         0x00000000   Number         0  defsig_rtmem_inner.o ABSOLUTE
    ../clib/signal.c                         0x00000000   Number         0  defsig_rtred_inner.o ABSOLUTE
    ../clib/signal.c                         0x00000000   Number         0  defsig_stak_inner.o ABSOLUTE
    ../clib/signal.c                         0x00000000   Number         0  defsig_exit.o ABSOLUTE
    ../clib/signal.s                         0x00000000   Number         0  defsig.o ABSOLUTE
    ../clib/stdlib.c                         0x00000000   Number         0  exit.o ABSOLUTE
    ../fplib/fpinit.s                        0x00000000   Number         0  fpinit.o ABSOLUTE
    Libraries\CMSIS\Device\ST\STM32F4xx\Source\Templates\arm\startup_stm32f4xx.s 0x00000000   Number         0  startup_stm32f4xx.o ABSOLUTE
    Libraries\STM32F4xx_StdPeriph_Driver\src\misc.c 0x00000000   Number         0  misc.o ABSOLUTE
    Libraries\STM32F4xx_StdPeriph_Driver\src\stm32f4xx_adc.c 0x00000000   Number         0  stm32f4xx_adc.o ABSOLUTE
    Libraries\STM32F4xx_StdPeriph_Driver\src\stm32f4xx_can.c 0x00000000   Number         0  stm32f4xx_can.o ABSOLUTE
    Libraries\STM32F4xx_StdPeriph_Driver\src\stm32f4xx_crc.c 0x00000000   Number         0  stm32f4xx_crc.o ABSOLUTE
    Libraries\STM32F4xx_StdPeriph_Driver\src\stm32f4xx_cryp.c 0x00000000   Number         0  stm32f4xx_cryp.o ABSOLUTE
    Libraries\STM32F4xx_StdPeriph_Driver\src\stm32f4xx_cryp_aes.c 0x00000000   Number         0  stm32f4xx_cryp_aes.o ABSOLUTE
    Libraries\STM32F4xx_StdPeriph_Driver\src\stm32f4xx_cryp_des.c 0x00000000   Number         0  stm32f4xx_cryp_des.o ABSOLUTE
    Libraries\STM32F4xx_StdPeriph_Driver\src\stm32f4xx_cryp_tdes.c 0x00000000   Number         0  stm32f4xx_cryp_tdes.o ABSOLUTE
    Libraries\STM32F4xx_StdPeriph_Driver\src\stm32f4xx_dac.c 0x00000000   Number         0  stm32f4xx_dac.o ABSOLUTE
    Libraries\STM32F4xx_StdPeriph_Driver\src\stm32f4xx_dbgmcu.c 0x00000000   Number         0  stm32f4xx_dbgmcu.o ABSOLUTE
    Libraries\STM32F4xx_StdPeriph_Driver\src\stm32f4xx_dcmi.c 0x00000000   Number         0  stm32f4xx_dcmi.o ABSOLUTE
    Libraries\STM32F4xx_StdPeriph_Driver\src\stm32f4xx_dma.c 0x00000000   Number         0  stm32f4xx_dma.o ABSOLUTE
    Libraries\STM32F4xx_StdPeriph_Driver\src\stm32f4xx_exti.c 0x00000000   Number         0  stm32f4xx_exti.o ABSOLUTE
    Libraries\STM32F4xx_StdPeriph_Driver\src\stm32f4xx_flash.c 0x00000000   Number         0  stm32f4xx_flash.o ABSOLUTE
    Libraries\STM32F4xx_StdPeriph_Driver\src\stm32f4xx_fsmc.c 0x00000000   Number         0  stm32f4xx_fsmc.o ABSOLUTE
    Libraries\STM32F4xx_StdPeriph_Driver\src\stm32f4xx_gpio.c 0x00000000   Number         0  stm32f4xx_gpio.o ABSOLUTE
    Libraries\STM32F4xx_StdPeriph_Driver\src\stm32f4xx_hash.c 0x00000000   Number         0  stm32f4xx_hash.o ABSOLUTE
    Libraries\STM32F4xx_StdPeriph_Driver\src\stm32f4xx_hash_md5.c 0x00000000   Number         0  stm32f4xx_hash_md5.o ABSOLUTE
    Libraries\STM32F4xx_StdPeriph_Driver\src\stm32f4xx_hash_sha1.c 0x00000000   Number         0  stm32f4xx_hash_sha1.o ABSOLUTE
    Libraries\STM32F4xx_StdPeriph_Driver\src\stm32f4xx_i2c.c 0x00000000   Number         0  stm32f4xx_i2c.o ABSOLUTE
    Libraries\STM32F4xx_StdPeriph_Driver\src\stm32f4xx_iwdg.c 0x00000000   Number         0  stm32f4xx_iwdg.o ABSOLUTE
    Libraries\STM32F4xx_StdPeriph_Driver\src\stm32f4xx_pwr.c 0x00000000   Number         0  stm32f4xx_pwr.o ABSOLUTE
    Libraries\STM32F4xx_StdPeriph_Driver\src\stm32f4xx_rcc.c 0x00000000   Number         0  stm32f4xx_rcc.o ABSOLUTE
    Libraries\STM32F4xx_StdPeriph_Driver\src\stm32f4xx_rng.c 0x00000000   Number         0  stm32f4xx_rng.o ABSOLUTE
    Libraries\STM32F4xx_StdPeriph_Driver\src\stm32f4xx_rtc.c 0x00000000   Number         0  stm32f4xx_rtc.o ABSOLUTE
    Libraries\STM32F4xx_StdPeriph_Driver\src\stm32f4xx_sdio.c 0x00000000   Number         0  stm32f4xx_sdio.o ABSOLUTE
    Libraries\STM32F4xx_StdPeriph_Driver\src\stm32f4xx_spi.c 0x00000000   Number         0  stm32f4xx_spi.o ABSOLUTE
    Libraries\STM32F4xx_StdPeriph_Driver\src\stm32f4xx_syscfg.c 0x00000000   Number         0  stm32f4xx_syscfg.o ABSOLUTE
    Libraries\STM32F4xx_StdPeriph_Driver\src\stm32f4xx_tim.c 0x00000000   Number         0  stm32f4xx_tim.o ABSOLUTE
    Libraries\STM32F4xx_StdPeriph_Driver\src\stm32f4xx_usart.c 0x00000000   Number         0  stm32f4xx_usart.o ABSOLUTE
    Libraries\STM32F4xx_StdPeriph_Driver\src\stm32f4xx_wwdg.c 0x00000000   Number         0  stm32f4xx_wwdg.o ABSOLUTE
    Libraries\\STM32F4xx_StdPeriph_Driver\\src\\misc.c 0x00000000   Number         0  misc.o ABSOLUTE
    Libraries\\STM32F4xx_StdPeriph_Driver\\src\\stm32f4xx_adc.c 0x00000000   Number         0  stm32f4xx_adc.o ABSOLUTE
    Libraries\\STM32F4xx_StdPeriph_Driver\\src\\stm32f4xx_can.c 0x00000000   Number         0  stm32f4xx_can.o ABSOLUTE
    Libraries\\STM32F4xx_StdPeriph_Driver\\src\\stm32f4xx_crc.c 0x00000000   Number         0  stm32f4xx_crc.o ABSOLUTE
    Libraries\\STM32F4xx_StdPeriph_Driver\\src\\stm32f4xx_cryp.c 0x00000000   Number         0  stm32f4xx_cryp.o ABSOLUTE
    Libraries\\STM32F4xx_StdPeriph_Driver\\src\\stm32f4xx_cryp_aes.c 0x00000000   Number         0  stm32f4xx_cryp_aes.o ABSOLUTE
    Libraries\\STM32F4xx_StdPeriph_Driver\\src\\stm32f4xx_cryp_des.c 0x00000000   Number         0  stm32f4xx_cryp_des.o ABSOLUTE
    Libraries\\STM32F4xx_StdPeriph_Driver\\src\\stm32f4xx_cryp_tdes.c 0x00000000   Number         0  stm32f4xx_cryp_tdes.o ABSOLUTE
    Libraries\\STM32F4xx_StdPeriph_Driver\\src\\stm32f4xx_dac.c 0x00000000   Number         0  stm32f4xx_dac.o ABSOLUTE
    Libraries\\STM32F4xx_StdPeriph_Driver\\src\\stm32f4xx_dbgmcu.c 0x00000000   Number         0  stm32f4xx_dbgmcu.o ABSOLUTE
    Libraries\\STM32F4xx_StdPeriph_Driver\\src\\stm32f4xx_dcmi.c 0x00000000   Number         0  stm32f4xx_dcmi.o ABSOLUTE
    Libraries\\STM32F4xx_StdPeriph_Driver\\src\\stm32f4xx_dma.c 0x00000000   Number         0  stm32f4xx_dma.o ABSOLUTE
    Libraries\\STM32F4xx_StdPeriph_Driver\\src\\stm32f4xx_exti.c 0x00000000   Number         0  stm32f4xx_exti.o ABSOLUTE
    Libraries\\STM32F4xx_StdPeriph_Driver\\src\\stm32f4xx_flash.c 0x00000000   Number         0  stm32f4xx_flash.o ABSOLUTE
    Libraries\\STM32F4xx_StdPeriph_Driver\\src\\stm32f4xx_fsmc.c 0x00000000   Number         0  stm32f4xx_fsmc.o ABSOLUTE
    Libraries\\STM32F4xx_StdPeriph_Driver\\src\\stm32f4xx_gpio.c 0x00000000   Number         0  stm32f4xx_gpio.o ABSOLUTE
    Libraries\\STM32F4xx_StdPeriph_Driver\\src\\stm32f4xx_hash.c 0x00000000   Number         0  stm32f4xx_hash.o ABSOLUTE
    Libraries\\STM32F4xx_StdPeriph_Driver\\src\\stm32f4xx_hash_md5.c 0x00000000   Number         0  stm32f4xx_hash_md5.o ABSOLUTE
    Libraries\\STM32F4xx_StdPeriph_Driver\\src\\stm32f4xx_hash_sha1.c 0x00000000   Number         0  stm32f4xx_hash_sha1.o ABSOLUTE
    Libraries\\STM32F4xx_StdPeriph_Driver\\src\\stm32f4xx_i2c.c 0x00000000   Number         0  stm32f4xx_i2c.o ABSOLUTE
    Libraries\\STM32F4xx_StdPeriph_Driver\\src\\stm32f4xx_iwdg.c 0x00000000   Number         0  stm32f4xx_iwdg.o ABSOLUTE
    Libraries\\STM32F4xx_StdPeriph_Driver\\src\\stm32f4xx_pwr.c 0x00000000   Number         0  stm32f4xx_pwr.o ABSOLUTE
    Libraries\\STM32F4xx_StdPeriph_Driver\\src\\stm32f4xx_rcc.c 0x00000000   Number         0  stm32f4xx_rcc.o ABSOLUTE
    Libraries\\STM32F4xx_StdPeriph_Driver\\src\\stm32f4xx_rng.c 0x00000000   Number         0  stm32f4xx_rng.o ABSOLUTE
    Libraries\\STM32F4xx_StdPeriph_Driver\\src\\stm32f4xx_rtc.c 0x00000000   Number         0  stm32f4xx_rtc.o ABSOLUTE
    Libraries\\STM32F4xx_StdPeriph_Driver\\src\\stm32f4xx_sdio.c 0x00000000   Number         0  stm32f4xx_sdio.o ABSOLUTE
    Libraries\\STM32F4xx_StdPeriph_Driver\\src\\stm32f4xx_spi.c 0x00000000   Number         0  stm32f4xx_spi.o ABSOLUTE
    Libraries\\STM32F4xx_StdPeriph_Driver\\src\\stm32f4xx_syscfg.c 0x00000000   Number         0  stm32f4xx_syscfg.o ABSOLUTE
    Libraries\\STM32F4xx_StdPeriph_Driver\\src\\stm32f4xx_tim.c 0x00000000   Number         0  stm32f4xx_tim.o ABSOLUTE
    Libraries\\STM32F4xx_StdPeriph_Driver\\src\\stm32f4xx_usart.c 0x00000000   Number         0  stm32f4xx_usart.o ABSOLUTE
    Libraries\\STM32F4xx_StdPeriph_Driver\\src\\stm32f4xx_wwdg.c 0x00000000   Number         0  stm32f4xx_wwdg.o ABSOLUTE
    Project\Functions\src\Calculate_H_Time.c 0x00000000   Number         0  calculate_h_time.o ABSOLUTE
    Project\Functions\src\Delay.c            0x00000000   Number         0  delay.o ABSOLUTE
    Project\Functions\src\EXIT.c             0x00000000   Number         0  exit.o ABSOLUTE
    Project\Functions\src\IIC.c              0x00000000   Number         0  iic.o ABSOLUTE
    Project\Functions\src\Key_4x4.c          0x00000000   Number         0  key_4x4.o ABSOLUTE
    Project\Functions\src\LCD.c              0x00000000   Number         0  lcd.o ABSOLUTE
    Project\Functions\src\LCD_Functions.c    0x00000000   Number         0  lcd_functions.o ABSOLUTE
    Project\Functions\src\LED.c              0x00000000   Number         0  led.o ABSOLUTE
    Project\Functions\src\List_LCD.c         0x00000000   Number         0  list_lcd.o ABSOLUTE
    Project\Functions\src\NRF24L01.c         0x00000000   Number         0  nrf24l01.o ABSOLUTE
    Project\Functions\src\NRF24L01_module2.c 0x00000000   Number         0  nrf24l01_module2.o ABSOLUTE
    Project\Functions\src\PWM.c              0x00000000   Number         0  pwm.o ABSOLUTE
    Project\Functions\src\TIM.c              0x00000000   Number         0  tim.o ABSOLUTE
    Project\Functions\src\Test_Functions.c   0x00000000   Number         0  test_functions.o ABSOLUTE
    Project\Functions\src\US_100.c           0x00000000   Number         0  us_100.o ABSOLUTE
    Project\Functions\src\US_100_H_Time.c    0x00000000   Number         0  us_100_h_time.o ABSOLUTE
    Project\Functions\src\Usart.c            0x00000000   Number         0  usart.o ABSOLUTE
    Project\Functions\src\spi.c              0x00000000   Number         0  spi.o ABSOLUTE
    Project\Functions\src\spi1.c             0x00000000   Number         0  spi1.o ABSOLUTE
    Project\Functions\src\st7735r.c          0x00000000   Number         0  st7735r.o ABSOLUTE
    Project\\Functions\\src\\Calculate_H_Time.c 0x00000000   Number         0  calculate_h_time.o ABSOLUTE
    Project\\Functions\\src\\Delay.c         0x00000000   Number         0  delay.o ABSOLUTE
    Project\\Functions\\src\\EXIT.c          0x00000000   Number         0  exit.o ABSOLUTE
    Project\\Functions\\src\\IIC.c           0x00000000   Number         0  iic.o ABSOLUTE
    Project\\Functions\\src\\Key_4x4.c       0x00000000   Number         0  key_4x4.o ABSOLUTE
    Project\\Functions\\src\\LCD.c           0x00000000   Number         0  lcd.o ABSOLUTE
    Project\\Functions\\src\\LCD_Functions.c 0x00000000   Number         0  lcd_functions.o ABSOLUTE
    Project\\Functions\\src\\LED.c           0x00000000   Number         0  led.o ABSOLUTE
    Project\\Functions\\src\\List_LCD.c      0x00000000   Number         0  list_lcd.o ABSOLUTE
    Project\\Functions\\src\\NRF24L01.c      0x00000000   Number         0  nrf24l01.o ABSOLUTE
    Project\\Functions\\src\\NRF24L01_module2.c 0x00000000   Number         0  nrf24l01_module2.o ABSOLUTE
    Project\\Functions\\src\\PWM.c           0x00000000   Number         0  pwm.o ABSOLUTE
    Project\\Functions\\src\\TIM.c           0x00000000   Number         0  tim.o ABSOLUTE
    Project\\Functions\\src\\Test_Functions.c 0x00000000   Number         0  test_functions.o ABSOLUTE
    Project\\Functions\\src\\US_100.c        0x00000000   Number         0  us_100.o ABSOLUTE
    Project\\Functions\\src\\US_100_H_Time.c 0x00000000   Number         0  us_100_h_time.o ABSOLUTE
    Project\\Functions\\src\\Usart.c         0x00000000   Number         0  usart.o ABSOLUTE
    Project\\Functions\\src\\spi.c           0x00000000   Number         0  spi.o ABSOLUTE
    Project\\Functions\\src\\spi1.c          0x00000000   Number         0  spi1.o ABSOLUTE
    Project\\Functions\\src\\st7735r.c       0x00000000   Number         0  st7735r.o ABSOLUTE
    Project\\main.c                          0x00000000   Number         0  main.o ABSOLUTE
    Project\\stm32f4xx_it.c                  0x00000000   Number         0  stm32f4xx_it.o ABSOLUTE
    Project\\system_stm32f4xx.c              0x00000000   Number         0  system_stm32f4xx.o ABSOLUTE
    Project\main.c                           0x00000000   Number         0  main.o ABSOLUTE
    Project\stm32f4xx_it.c                   0x00000000   Number         0  stm32f4xx_it.o ABSOLUTE
    Project\system_stm32f4xx.c               0x00000000   Number         0  system_stm32f4xx.o ABSOLUTE
    dc.s                                     0x00000000   Number         0  dc.o ABSOLUTE
    RESET                                    0x08000000   Section      392  startup_stm32f4xx.o(RESET)
    !!!main                                  0x08000188   Section        8  __main.o(!!!main)
    !!!scatter                               0x08000190   Section       52  __scatter.o(!!!scatter)
    !!handler_copy                           0x080001c4   Section       26  __scatter_copy.o(!!handler_copy)
    !!handler_zi                             0x080001e0   Section       28  __scatter_zi.o(!!handler_zi)
    .ARM.Collect$$_printf_percent$$00000000  0x080001fc   Section        0  _printf_percent.o(.ARM.Collect$$_printf_percent$$00000000)
    .ARM.Collect$$_printf_percent$$00000009  0x080001fc   Section        6  _printf_d.o(.ARM.Collect$$_printf_percent$$00000009)
    .ARM.Collect$$_printf_percent$$00000017  0x08000202   Section        4  _printf_percent_end.o(.ARM.Collect$$_printf_percent$$00000017)
    .ARM.Collect$$libinit$$00000000          0x08000206   Section        2  libinit.o(.ARM.Collect$$libinit$$00000000)
    .ARM.Collect$$libinit$$00000001          0x08000208   Section        4  libinit2.o(.ARM.Collect$$libinit$$00000001)
    .ARM.Collect$$libinit$$00000004          0x0800020c   Section        0  libinit2.o(.ARM.Collect$$libinit$$00000004)
    .ARM.Collect$$libinit$$0000000A          0x0800020c   Section        0  libinit2.o(.ARM.Collect$$libinit$$0000000A)
    .ARM.Collect$$libinit$$0000000C          0x0800020c   Section        0  libinit2.o(.ARM.Collect$$libinit$$0000000C)
    .ARM.Collect$$libinit$$0000000E          0x0800020c   Section        0  libinit2.o(.ARM.Collect$$libinit$$0000000E)
    .ARM.Collect$$libinit$$00000011          0x0800020c   Section        0  libinit2.o(.ARM.Collect$$libinit$$00000011)
    .ARM.Collect$$libinit$$00000013          0x0800020c   Section        0  libinit2.o(.ARM.Collect$$libinit$$00000013)
    .ARM.Collect$$libinit$$00000015          0x0800020c   Section        0  libinit2.o(.ARM.Collect$$libinit$$00000015)
    .ARM.Collect$$libinit$$00000017          0x0800020c   Section        0  libinit2.o(.ARM.Collect$$libinit$$00000017)
    .ARM.Collect$$libinit$$00000019          0x0800020c   Section        0  libinit2.o(.ARM.Collect$$libinit$$00000019)
    .ARM.Collect$$libinit$$0000001B          0x0800020c   Section        0  libinit2.o(.ARM.Collect$$libinit$$0000001B)
    .ARM.Collect$$libinit$$0000001D          0x0800020c   Section        0  libinit2.o(.ARM.Collect$$libinit$$0000001D)
    .ARM.Collect$$libinit$$0000001F          0x0800020c   Section        0  libinit2.o(.ARM.Collect$$libinit$$0000001F)
    .ARM.Collect$$libinit$$00000021          0x0800020c   Section        0  libinit2.o(.ARM.Collect$$libinit$$00000021)
    .ARM.Collect$$libinit$$00000023          0x0800020c   Section        0  libinit2.o(.ARM.Collect$$libinit$$00000023)
    .ARM.Collect$$libinit$$00000025          0x0800020c   Section        0  libinit2.o(.ARM.Collect$$libinit$$00000025)
    .ARM.Collect$$libinit$$0000002C          0x0800020c   Section        0  libinit2.o(.ARM.Collect$$libinit$$0000002C)
    .ARM.Collect$$libinit$$0000002E          0x0800020c   Section        0  libinit2.o(.ARM.Collect$$libinit$$0000002E)
    .ARM.Collect$$libinit$$00000030          0x0800020c   Section        0  libinit2.o(.ARM.Collect$$libinit$$00000030)
    .ARM.Collect$$libinit$$00000032          0x0800020c   Section        0  libinit2.o(.ARM.Collect$$libinit$$00000032)
    .ARM.Collect$$libinit$$00000033          0x0800020c   Section        2  libinit2.o(.ARM.Collect$$libinit$$00000033)
    .ARM.Collect$$libshutdown$$00000000      0x0800020e   Section        2  libshutdown.o(.ARM.Collect$$libshutdown$$00000000)
    .ARM.Collect$$libshutdown$$00000002      0x08000210   Section        0  libshutdown2.o(.ARM.Collect$$libshutdown$$00000002)
    .ARM.Collect$$libshutdown$$00000004      0x08000210   Section        0  libshutdown2.o(.ARM.Collect$$libshutdown$$00000004)
    .ARM.Collect$$libshutdown$$00000007      0x08000210   Section        0  libshutdown2.o(.ARM.Collect$$libshutdown$$00000007)
    .ARM.Collect$$libshutdown$$0000000A      0x08000210   Section        0  libshutdown2.o(.ARM.Collect$$libshutdown$$0000000A)
    .ARM.Collect$$libshutdown$$0000000C      0x08000210   Section        0  libshutdown2.o(.ARM.Collect$$libshutdown$$0000000C)
    .ARM.Collect$$libshutdown$$0000000F      0x08000210   Section        0  libshutdown2.o(.ARM.Collect$$libshutdown$$0000000F)
    .ARM.Collect$$libshutdown$$00000010      0x08000210   Section        2  libshutdown2.o(.ARM.Collect$$libshutdown$$00000010)
    .ARM.Collect$$rtentry$$00000000          0x08000212   Section        0  __rtentry.o(.ARM.Collect$$rtentry$$00000000)
    .ARM.Collect$$rtentry$$00000002          0x08000212   Section        0  __rtentry2.o(.ARM.Collect$$rtentry$$00000002)
    .ARM.Collect$$rtentry$$00000004          0x08000212   Section        6  __rtentry4.o(.ARM.Collect$$rtentry$$00000004)
    .ARM.Collect$$rtentry$$00000009          0x08000218   Section        0  __rtentry2.o(.ARM.Collect$$rtentry$$00000009)
    .ARM.Collect$$rtentry$$0000000A          0x08000218   Section        4  __rtentry2.o(.ARM.Collect$$rtentry$$0000000A)
    .ARM.Collect$$rtentry$$0000000C          0x0800021c   Section        0  __rtentry2.o(.ARM.Collect$$rtentry$$0000000C)
    .ARM.Collect$$rtentry$$0000000D          0x0800021c   Section        8  __rtentry2.o(.ARM.Collect$$rtentry$$0000000D)
    .ARM.Collect$$rtexit$$00000000           0x08000224   Section        2  rtexit.o(.ARM.Collect$$rtexit$$00000000)
    .ARM.Collect$$rtexit$$00000002           0x08000226   Section        0  rtexit2.o(.ARM.Collect$$rtexit$$00000002)
    .ARM.Collect$$rtexit$$00000003           0x08000226   Section        4  rtexit2.o(.ARM.Collect$$rtexit$$00000003)
    .ARM.Collect$$rtexit$$00000004           0x0800022a   Section        6  rtexit2.o(.ARM.Collect$$rtexit$$00000004)
    .text                                    0x08000230   Section        0  main.o(.text)
    .text                                    0x08000330   Section        0  stm32f4xx_it.o(.text)
    .text                                    0x0800075c   Section        0  system_stm32f4xx.o(.text)
    SetSysClock                              0x0800075d   Thumb Code   220  system_stm32f4xx.o(.text)
    .text                                    0x0800096c   Section        0  misc.o(.text)
    .text                                    0x08000a4c   Section        0  stm32f4xx_exti.o(.text)
    .text                                    0x08000b68   Section        0  stm32f4xx_gpio.o(.text)
    .text                                    0x08000dc4   Section        0  stm32f4xx_rcc.o(.text)
    .text                                    0x0800134c   Section        0  stm32f4xx_tim.o(.text)
    TI4_Config                               0x08001aeb   Thumb Code    80  stm32f4xx_tim.o(.text)
    TI3_Config                               0x08001b4d   Thumb Code    72  stm32f4xx_tim.o(.text)
    TI2_Config                               0x08001baf   Thumb Code    90  stm32f4xx_tim.o(.text)
    TI1_Config                               0x08001c1b   Thumb Code    58  stm32f4xx_tim.o(.text)
    .text                                    0x08001ff0   Section        0  stm32f4xx_usart.o(.text)
    .text                                    0x0800240c   Section       64  startup_stm32f4xx.o(.text)
    $v0                                      0x0800240c   Number         0  startup_stm32f4xx.o(.text)
    .text                                    0x0800244c   Section        0  delay.o(.text)
    SysTick_Config                           0x0800244d   Thumb Code    76  delay.o(.text)
    .text                                    0x08002514   Section        0  led.o(.text)
    .text                                    0x08002590   Section        0  usart.o(.text)
    .text                                    0x08002950   Section        0  key_4x4.o(.text)
    .text                                    0x08002dbc   Section        0  test_functions.o(.text)
    .text                                    0x08003a84   Section        0  calculate_h_time.o(.text)
    .text                                    0x08003c04   Section        0  st7735r.o(.text)
    .text                                    0x08005dac   Section        0  noretval__2sprintf.o(.text)
    .text                                    0x08005dd4   Section        0  __printf.o(.text)
    .text                                    0x08005e3c   Section        0  _printf_dec.o(.text)
    .text                                    0x08005eb4   Section        0  heapauxi.o(.text)
    .text                                    0x08005eba   Section        0  _printf_intcommon.o(.text)
    .text                                    0x08005f6c   Section        0  _printf_char_common.o(.text)
    _printf_input_char                       0x08005f6d   Thumb Code    10  _printf_char_common.o(.text)
    .text                                    0x08005f9c   Section        0  _sputc.o(.text)
    .text                                    0x08005fa6   Section       74  sys_stackheap_outer.o(.text)
    .text                                    0x08005ff0   Section        0  exit.o(.text)
    .text                                    0x08006004   Section        8  libspace.o(.text)
    .text                                    0x0800600c   Section        0  sys_exit.o(.text)
    .text                                    0x08006018   Section        2  use_no_semi.o(.text)
    .text                                    0x0800601a   Section        0  indicate_semi.o(.text)
    x$fpl$fpinit                             0x0800601a   Section       10  fpinit.o(x$fpl$fpinit)
    $v0                                      0x0800601a   Number         0  fpinit.o(x$fpl$fpinit)
    .constdata                               0x08006024   Section    17664  st7735r.o(.constdata)
    ascii8x16                                0x08006024   Data        1536  st7735r.o(.constdata)
    ascii16x24                               0x08006624   Data        4608  st7735r.o(.constdata)
    ascii24x40                               0x08007824   Data       11520  st7735r.o(.constdata)
    .data                                    0x20000000   Section       88  stm32f4xx_it.o(.data)
    .data                                    0x20000058   Section       20  system_stm32f4xx.o(.data)
    .data                                    0x2000006c   Section       16  stm32f4xx_rcc.o(.data)
    APBAHBPrescTable                         0x2000006c   Data          16  stm32f4xx_rcc.o(.data)
    .data                                    0x2000007c   Section        4  delay.o(.data)
    .data                                    0x20000080   Section       12  key_4x4.o(.data)
    .data                                    0x2000008c   Section       64  test_functions.o(.data)
    .data                                    0x200000cc   Section        8  calculate_h_time.o(.data)
    .data                                    0x200000d4   Section       30  st7735r.o(.data)
    ASCII                                    0x200000d4   Data          24  st7735r.o(.data)
    .bss                                     0x200000f4   Section       10  calculate_h_time.o(.bss)
    .bss                                     0x20000100   Section       96  libspace.o(.bss)
    HEAP                                     0x20000160   Section      512  startup_stm32f4xx.o(HEAP)
    Heap_Mem                                 0x20000160   Data         512  startup_stm32f4xx.o(HEAP)
    STACK                                    0x20000360   Section     1024  startup_stm32f4xx.o(STACK)
    Stack_Mem                                0x20000360   Data        1024  startup_stm32f4xx.o(STACK)
    __initial_sp                             0x20000760   Data           0  startup_stm32f4xx.o(STACK)

    Global Symbols

    Symbol Name                              Value     Ov Type        Size  Object(Section)

    BuildAttributes$$THM_ISAv4$E$P$D$K$B$S$7EM$VFPi3$EXTD16$VFPS$VFMA$PE$A:L22UL41UL21$X:L11$S22US41US21$IEEE1$IW$USESV6$~STKCKD$USESV7$~SHL$OSPACE$ROPI$EBA8$UX$STANDARDLIB$REQ8$PRES8$EABIv2 0x00000000   Number         0  anon$$obj.o ABSOLUTE
    __ARM_use_no_argv                        0x00000000   Number         0  main.o ABSOLUTE
    __ARM_exceptions_init                     - Undefined Weak Reference
    __alloca_initialize                       - Undefined Weak Reference
    __arm_preinit_                            - Undefined Weak Reference
    __cpp_initialize__aeabi_                  - Undefined Weak Reference
    __cxa_finalize                            - Undefined Weak Reference
    __rt_locale                               - Undefined Weak Reference
    __sigvec_lookup                           - Undefined Weak Reference
    _atexit_init                              - Undefined Weak Reference
    _call_atexit_fns                          - Undefined Weak Reference
    _clock_init                               - Undefined Weak Reference
    _fp_trap_init                             - Undefined Weak Reference
    _fp_trap_shutdown                         - Undefined Weak Reference
    _get_lc_collate                           - Undefined Weak Reference
    _get_lc_ctype                             - Undefined Weak Reference
    _get_lc_monetary                          - Undefined Weak Reference
    _get_lc_numeric                           - Undefined Weak Reference
    _get_lc_time                              - Undefined Weak Reference
    _getenv_init                              - Undefined Weak Reference
    _handle_redirection                       - Undefined Weak Reference
    _init_alloc                               - Undefined Weak Reference
    _init_user_alloc                          - Undefined Weak Reference
    _initio                                   - Undefined Weak Reference
    _printf_post_padding                      - Undefined Weak Reference
    _printf_pre_padding                       - Undefined Weak Reference
    _printf_truncate_signed                   - Undefined Weak Reference
    _printf_truncate_unsigned                 - Undefined Weak Reference
    _rand_init                                - Undefined Weak Reference
    _signal_finish                            - Undefined Weak Reference
    _signal_init                              - Undefined Weak Reference
    _terminate_alloc                          - Undefined Weak Reference
    _terminate_user_alloc                     - Undefined Weak Reference
    _terminateio                              - Undefined Weak Reference
    __Vectors_Size                           0x00000188   Number         0  startup_stm32f4xx.o ABSOLUTE
    __Vectors                                0x08000000   Data           4  startup_stm32f4xx.o(RESET)
    __Vectors_End                            0x08000188   Data           0  startup_stm32f4xx.o(RESET)
    __main                                   0x08000189   Thumb Code     8  __main.o(!!!main)
    __scatterload                            0x08000191   Thumb Code     0  __scatter.o(!!!scatter)
    __scatterload_rt2                        0x08000191   Thumb Code    44  __scatter.o(!!!scatter)
    __scatterload_rt2_thumb_only             0x08000191   Thumb Code     0  __scatter.o(!!!scatter)
    __scatterload_null                       0x0800019f   Thumb Code     0  __scatter.o(!!!scatter)
    __scatterload_copy                       0x080001c5   Thumb Code    26  __scatter_copy.o(!!handler_copy)
    __scatterload_zeroinit                   0x080001e1   Thumb Code    28  __scatter_zi.o(!!handler_zi)
    _printf_d                                0x080001fd   Thumb Code     0  _printf_d.o(.ARM.Collect$$_printf_percent$$00000009)
    _printf_percent                          0x080001fd   Thumb Code     0  _printf_percent.o(.ARM.Collect$$_printf_percent$$00000000)
    _printf_percent_end                      0x08000203   Thumb Code     0  _printf_percent_end.o(.ARM.Collect$$_printf_percent$$00000017)
    __rt_lib_init                            0x08000207   Thumb Code     0  libinit.o(.ARM.Collect$$libinit$$00000000)
    __rt_lib_init_fp_1                       0x08000209   Thumb Code     0  libinit2.o(.ARM.Collect$$libinit$$00000001)
    __rt_lib_init_alloca_1                   0x0800020d   Thumb Code     0  libinit2.o(.ARM.Collect$$libinit$$0000002E)
    __rt_lib_init_argv_1                     0x0800020d   Thumb Code     0  libinit2.o(.ARM.Collect$$libinit$$0000002C)
    __rt_lib_init_atexit_1                   0x0800020d   Thumb Code     0  libinit2.o(.ARM.Collect$$libinit$$0000001B)
    __rt_lib_init_clock_1                    0x0800020d   Thumb Code     0  libinit2.o(.ARM.Collect$$libinit$$00000021)
    __rt_lib_init_cpp_1                      0x0800020d   Thumb Code     0  libinit2.o(.ARM.Collect$$libinit$$00000032)
    __rt_lib_init_exceptions_1               0x0800020d   Thumb Code     0  libinit2.o(.ARM.Collect$$libinit$$00000030)
    __rt_lib_init_fp_trap_1                  0x0800020d   Thumb Code     0  libinit2.o(.ARM.Collect$$libinit$$0000001F)
    __rt_lib_init_getenv_1                   0x0800020d   Thumb Code     0  libinit2.o(.ARM.Collect$$libinit$$00000023)
    __rt_lib_init_heap_1                     0x0800020d   Thumb Code     0  libinit2.o(.ARM.Collect$$libinit$$0000000A)
    __rt_lib_init_lc_collate_1               0x0800020d   Thumb Code     0  libinit2.o(.ARM.Collect$$libinit$$00000011)
    __rt_lib_init_lc_ctype_1                 0x0800020d   Thumb Code     0  libinit2.o(.ARM.Collect$$libinit$$00000013)
    __rt_lib_init_lc_monetary_1              0x0800020d   Thumb Code     0  libinit2.o(.ARM.Collect$$libinit$$00000015)
    __rt_lib_init_lc_numeric_1               0x0800020d   Thumb Code     0  libinit2.o(.ARM.Collect$$libinit$$00000017)
    __rt_lib_init_lc_time_1                  0x0800020d   Thumb Code     0  libinit2.o(.ARM.Collect$$libinit$$00000019)
    __rt_lib_init_preinit_1                  0x0800020d   Thumb Code     0  libinit2.o(.ARM.Collect$$libinit$$00000004)
    __rt_lib_init_rand_1                     0x0800020d   Thumb Code     0  libinit2.o(.ARM.Collect$$libinit$$0000000E)
    __rt_lib_init_return                     0x0800020d   Thumb Code     0  libinit2.o(.ARM.Collect$$libinit$$00000033)
    __rt_lib_init_signal_1                   0x0800020d   Thumb Code     0  libinit2.o(.ARM.Collect$$libinit$$0000001D)
    __rt_lib_init_stdio_1                    0x0800020d   Thumb Code     0  libinit2.o(.ARM.Collect$$libinit$$00000025)
    __rt_lib_init_user_alloc_1               0x0800020d   Thumb Code     0  libinit2.o(.ARM.Collect$$libinit$$0000000C)
    __rt_lib_shutdown                        0x0800020f   Thumb Code     0  libshutdown.o(.ARM.Collect$$libshutdown$$00000000)
    __rt_lib_shutdown_cpp_1                  0x08000211   Thumb Code     0  libshutdown2.o(.ARM.Collect$$libshutdown$$00000002)
    __rt_lib_shutdown_fp_trap_1              0x08000211   Thumb Code     0  libshutdown2.o(.ARM.Collect$$libshutdown$$00000007)
    __rt_lib_shutdown_heap_1                 0x08000211   Thumb Code     0  libshutdown2.o(.ARM.Collect$$libshutdown$$0000000F)
    __rt_lib_shutdown_return                 0x08000211   Thumb Code     0  libshutdown2.o(.ARM.Collect$$libshutdown$$00000010)
    __rt_lib_shutdown_signal_1               0x08000211   Thumb Code     0  libshutdown2.o(.ARM.Collect$$libshutdown$$0000000A)
    __rt_lib_shutdown_stdio_1                0x08000211   Thumb Code     0  libshutdown2.o(.ARM.Collect$$libshutdown$$00000004)
    __rt_lib_shutdown_user_alloc_1           0x08000211   Thumb Code     0  libshutdown2.o(.ARM.Collect$$libshutdown$$0000000C)
    __rt_entry                               0x08000213   Thumb Code     0  __rtentry.o(.ARM.Collect$$rtentry$$00000000)
    __rt_entry_presh_1                       0x08000213   Thumb Code     0  __rtentry2.o(.ARM.Collect$$rtentry$$00000002)
    __rt_entry_sh                            0x08000213   Thumb Code     0  __rtentry4.o(.ARM.Collect$$rtentry$$00000004)
    __rt_entry_li                            0x08000219   Thumb Code     0  __rtentry2.o(.ARM.Collect$$rtentry$$0000000A)
    __rt_entry_postsh_1                      0x08000219   Thumb Code     0  __rtentry2.o(.ARM.Collect$$rtentry$$00000009)
    __rt_entry_main                          0x0800021d   Thumb Code     0  __rtentry2.o(.ARM.Collect$$rtentry$$0000000D)
    __rt_entry_postli_1                      0x0800021d   Thumb Code     0  __rtentry2.o(.ARM.Collect$$rtentry$$0000000C)
    __rt_exit                                0x08000225   Thumb Code     0  rtexit.o(.ARM.Collect$$rtexit$$00000000)
    __rt_exit_ls                             0x08000227   Thumb Code     0  rtexit2.o(.ARM.Collect$$rtexit$$00000003)
    __rt_exit_prels_1                        0x08000227   Thumb Code     0  rtexit2.o(.ARM.Collect$$rtexit$$00000002)
    __rt_exit_exit                           0x0800022b   Thumb Code     0  rtexit2.o(.ARM.Collect$$rtexit$$00000004)
    main                                     0x08000231   Thumb Code   200  main.o(.text)
    NMI_Handler                              0x08000331   Thumb Code     2  stm32f4xx_it.o(.text)
    HardFault_Handler                        0x08000333   Thumb Code     4  stm32f4xx_it.o(.text)
    MemManage_Handler                        0x08000337   Thumb Code     4  stm32f4xx_it.o(.text)
    BusFault_Handler                         0x0800033b   Thumb Code     4  stm32f4xx_it.o(.text)
    UsageFault_Handler                       0x0800033f   Thumb Code     4  stm32f4xx_it.o(.text)
    SVC_Handler                              0x08000343   Thumb Code     2  stm32f4xx_it.o(.text)
    DebugMon_Handler                         0x08000345   Thumb Code     2  stm32f4xx_it.o(.text)
    PendSV_Handler                           0x08000347   Thumb Code     2  stm32f4xx_it.o(.text)
    SysTick_Handler                          0x08000349   Thumb Code    12  stm32f4xx_it.o(.text)
    USART1_IRQHandler                        0x08000355   Thumb Code   884  stm32f4xx_it.o(.text)
    EXTI0_IRQHandler                         0x080006c9   Thumb Code    20  stm32f4xx_it.o(.text)
    TIM3_IRQHandler                          0x080006dd   Thumb Code    24  stm32f4xx_it.o(.text)
    EXTI15_10_IRQHandler                     0x080006f5   Thumb Code    22  stm32f4xx_it.o(.text)
    SystemInit                               0x08000839   Thumb Code    88  system_stm32f4xx.o(.text)
    SystemCoreClockUpdate                    0x08000891   Thumb Code   174  system_stm32f4xx.o(.text)
    NVIC_PriorityGroupConfig                 0x0800096d   Thumb Code    10  misc.o(.text)
    NVIC_Init                                0x08000977   Thumb Code   106  misc.o(.text)
    NVIC_SetVectorTable                      0x080009e1   Thumb Code    14  misc.o(.text)
    NVIC_SystemLPConfig                      0x080009ef   Thumb Code    34  misc.o(.text)
    SysTick_CLKSourceConfig                  0x08000a11   Thumb Code    40  misc.o(.text)
    EXTI_DeInit                              0x08000a4d   Thumb Code    28  stm32f4xx_exti.o(.text)
    EXTI_Init                                0x08000a69   Thumb Code   142  stm32f4xx_exti.o(.text)
    EXTI_StructInit                          0x08000af7   Thumb Code    16  stm32f4xx_exti.o(.text)
    EXTI_GenerateSWInterrupt                 0x08000b07   Thumb Code    16  stm32f4xx_exti.o(.text)
    EXTI_GetFlagStatus                       0x08000b17   Thumb Code    22  stm32f4xx_exti.o(.text)
    EXTI_ClearFlag                           0x08000b2d   Thumb Code     8  stm32f4xx_exti.o(.text)
    EXTI_GetITStatus                         0x08000b35   Thumb Code    34  stm32f4xx_exti.o(.text)
    EXTI_ClearITPendingBit                   0x08000b57   Thumb Code     8  stm32f4xx_exti.o(.text)
    GPIO_DeInit                              0x08000b69   Thumb Code   220  stm32f4xx_gpio.o(.text)
    GPIO_Init                                0x08000c45   Thumb Code   144  stm32f4xx_gpio.o(.text)
    GPIO_StructInit                          0x08000cd5   Thumb Code    18  stm32f4xx_gpio.o(.text)
    GPIO_PinLockConfig                       0x08000ce7   Thumb Code    34  stm32f4xx_gpio.o(.text)
    GPIO_ReadInputDataBit                    0x08000d09   Thumb Code    18  stm32f4xx_gpio.o(.text)
    GPIO_ReadInputData                       0x08000d1b   Thumb Code     8  stm32f4xx_gpio.o(.text)
    GPIO_ReadOutputDataBit                   0x08000d23   Thumb Code    18  stm32f4xx_gpio.o(.text)
    GPIO_ReadOutputData                      0x08000d35   Thumb Code     8  stm32f4xx_gpio.o(.text)
    GPIO_SetBits                             0x08000d3d   Thumb Code     4  stm32f4xx_gpio.o(.text)
    GPIO_ResetBits                           0x08000d41   Thumb Code     4  stm32f4xx_gpio.o(.text)
    GPIO_WriteBit                            0x08000d45   Thumb Code    10  stm32f4xx_gpio.o(.text)
    GPIO_Write                               0x08000d4f   Thumb Code     4  stm32f4xx_gpio.o(.text)
    GPIO_ToggleBits                          0x08000d53   Thumb Code     8  stm32f4xx_gpio.o(.text)
    GPIO_PinAFConfig                         0x08000d5b   Thumb Code    70  stm32f4xx_gpio.o(.text)
    RCC_DeInit                               0x08000dc5   Thumb Code    60  stm32f4xx_rcc.o(.text)
    RCC_HSEConfig                            0x08000e01   Thumb Code    14  stm32f4xx_rcc.o(.text)
    RCC_GetFlagStatus                        0x08000e0f   Thumb Code    60  stm32f4xx_rcc.o(.text)
    RCC_WaitForHSEStartUp                    0x08000e4b   Thumb Code    56  stm32f4xx_rcc.o(.text)
    RCC_AdjustHSICalibrationValue            0x08000e83   Thumb Code    20  stm32f4xx_rcc.o(.text)
    RCC_HSICmd                               0x08000e97   Thumb Code     6  stm32f4xx_rcc.o(.text)
    RCC_LSEConfig                            0x08000e9d   Thumb Code    46  stm32f4xx_rcc.o(.text)
    RCC_LSICmd                               0x08000ecb   Thumb Code     6  stm32f4xx_rcc.o(.text)
    RCC_PLLConfig                            0x08000ed1   Thumb Code    32  stm32f4xx_rcc.o(.text)
    RCC_PLLCmd                               0x08000ef1   Thumb Code     6  stm32f4xx_rcc.o(.text)
    RCC_PLLI2SConfig                         0x08000ef7   Thumb Code    14  stm32f4xx_rcc.o(.text)
    RCC_PLLI2SCmd                            0x08000f05   Thumb Code     6  stm32f4xx_rcc.o(.text)
    RCC_ClockSecuritySystemCmd               0x08000f0b   Thumb Code     6  stm32f4xx_rcc.o(.text)
    RCC_MCO1Config                           0x08000f11   Thumb Code    28  stm32f4xx_rcc.o(.text)
    RCC_MCO2Config                           0x08000f2d   Thumb Code    28  stm32f4xx_rcc.o(.text)
    RCC_SYSCLKConfig                         0x08000f49   Thumb Code    20  stm32f4xx_rcc.o(.text)
    RCC_GetSYSCLKSource                      0x08000f5d   Thumb Code    12  stm32f4xx_rcc.o(.text)
    RCC_HCLKConfig                           0x08000f69   Thumb Code    20  stm32f4xx_rcc.o(.text)
    RCC_PCLK1Config                          0x08000f7d   Thumb Code    20  stm32f4xx_rcc.o(.text)
    RCC_PCLK2Config                          0x08000f91   Thumb Code    22  stm32f4xx_rcc.o(.text)
    RCC_GetClocksFreq                        0x08000fa7   Thumb Code   222  stm32f4xx_rcc.o(.text)
    RCC_RTCCLKConfig                         0x08001085   Thumb Code    54  stm32f4xx_rcc.o(.text)
    RCC_RTCCLKCmd                            0x080010bb   Thumb Code     8  stm32f4xx_rcc.o(.text)
    RCC_BackupResetCmd                       0x080010c3   Thumb Code     8  stm32f4xx_rcc.o(.text)
    RCC_I2SCLKConfig                         0x080010cb   Thumb Code     6  stm32f4xx_rcc.o(.text)
    RCC_AHB1PeriphClockCmd                   0x080010d1   Thumb Code    34  stm32f4xx_rcc.o(.text)
    RCC_AHB2PeriphClockCmd                   0x080010f3   Thumb Code    34  stm32f4xx_rcc.o(.text)
    RCC_AHB3PeriphClockCmd                   0x08001115   Thumb Code    34  stm32f4xx_rcc.o(.text)
    RCC_APB1PeriphClockCmd                   0x08001137   Thumb Code    34  stm32f4xx_rcc.o(.text)
    RCC_APB2PeriphClockCmd                   0x08001159   Thumb Code    34  stm32f4xx_rcc.o(.text)
    RCC_AHB1PeriphResetCmd                   0x0800117b   Thumb Code    34  stm32f4xx_rcc.o(.text)
    RCC_AHB2PeriphResetCmd                   0x0800119d   Thumb Code    72  stm32f4xx_rcc.o(.text)
    RCC_AHB3PeriphResetCmd                   0x080011e5   Thumb Code    34  stm32f4xx_rcc.o(.text)
    RCC_APB1PeriphResetCmd                   0x08001207   Thumb Code    34  stm32f4xx_rcc.o(.text)
    RCC_APB2PeriphResetCmd                   0x08001229   Thumb Code    34  stm32f4xx_rcc.o(.text)
    RCC_AHB1PeriphClockLPModeCmd             0x0800124b   Thumb Code    34  stm32f4xx_rcc.o(.text)
    RCC_AHB2PeriphClockLPModeCmd             0x0800126d   Thumb Code    34  stm32f4xx_rcc.o(.text)
    RCC_AHB3PeriphClockLPModeCmd             0x0800128f   Thumb Code    34  stm32f4xx_rcc.o(.text)
    RCC_APB1PeriphClockLPModeCmd             0x080012b1   Thumb Code    34  stm32f4xx_rcc.o(.text)
    RCC_APB2PeriphClockLPModeCmd             0x080012d3   Thumb Code    34  stm32f4xx_rcc.o(.text)
    RCC_ITConfig                             0x080012f5   Thumb Code    34  stm32f4xx_rcc.o(.text)
    RCC_ClearFlag                            0x08001317   Thumb Code    18  stm32f4xx_rcc.o(.text)
    RCC_GetITStatus                          0x08001329   Thumb Code    22  stm32f4xx_rcc.o(.text)
    RCC_ClearITPendingBit                    0x0800133f   Thumb Code     8  stm32f4xx_rcc.o(.text)
    TIM_DeInit                               0x0800134d   Thumb Code   346  stm32f4xx_tim.o(.text)
    TIM_TimeBaseInit                         0x080014a7   Thumb Code   104  stm32f4xx_tim.o(.text)
    TIM_TimeBaseStructInit                   0x0800150f   Thumb Code    18  stm32f4xx_tim.o(.text)
    TIM_PrescalerConfig                      0x08001521   Thumb Code     6  stm32f4xx_tim.o(.text)
    TIM_CounterModeConfig                    0x08001527   Thumb Code    18  stm32f4xx_tim.o(.text)
    TIM_SetCounter                           0x08001539   Thumb Code     4  stm32f4xx_tim.o(.text)
    TIM_SetAutoreload                        0x0800153d   Thumb Code     4  stm32f4xx_tim.o(.text)
    TIM_GetCounter                           0x08001541   Thumb Code     6  stm32f4xx_tim.o(.text)
    TIM_GetPrescaler                         0x08001547   Thumb Code     6  stm32f4xx_tim.o(.text)
    TIM_UpdateDisableConfig                  0x0800154d   Thumb Code    24  stm32f4xx_tim.o(.text)
    TIM_UpdateRequestConfig                  0x08001565   Thumb Code    24  stm32f4xx_tim.o(.text)
    TIM_ARRPreloadConfig                     0x0800157d   Thumb Code    24  stm32f4xx_tim.o(.text)
    TIM_SelectOnePulseMode                   0x08001595   Thumb Code    18  stm32f4xx_tim.o(.text)
    TIM_SetClockDivision                     0x080015a7   Thumb Code    18  stm32f4xx_tim.o(.text)
    TIM_Cmd                                  0x080015b9   Thumb Code    24  stm32f4xx_tim.o(.text)
    TIM_OC1Init                              0x080015d1   Thumb Code   114  stm32f4xx_tim.o(.text)
    TIM_OC2Init                              0x08001643   Thumb Code   154  stm32f4xx_tim.o(.text)
    TIM_OC3Init                              0x080016dd   Thumb Code   204  stm32f4xx_tim.o(.text)
    TIM_OC4Init                              0x080017a9   Thumb Code   112  stm32f4xx_tim.o(.text)
    TIM_OCStructInit                         0x08001819   Thumb Code    20  stm32f4xx_tim.o(.text)
    TIM_SelectOCxM                           0x0800182d   Thumb Code    86  stm32f4xx_tim.o(.text)
    TIM_SetCompare1                          0x08001883   Thumb Code     4  stm32f4xx_tim.o(.text)
    TIM_SetCompare2                          0x08001887   Thumb Code     4  stm32f4xx_tim.o(.text)
    TIM_SetCompare3                          0x0800188b   Thumb Code     4  stm32f4xx_tim.o(.text)
    TIM_SetCompare4                          0x0800188f   Thumb Code     4  stm32f4xx_tim.o(.text)
    TIM_ForcedOC1Config                      0x08001893   Thumb Code    18  stm32f4xx_tim.o(.text)
    TIM_ForcedOC2Config                      0x080018a5   Thumb Code    26  stm32f4xx_tim.o(.text)
    TIM_ForcedOC3Config                      0x080018bf   Thumb Code    18  stm32f4xx_tim.o(.text)
    TIM_ForcedOC4Config                      0x080018d1   Thumb Code    26  stm32f4xx_tim.o(.text)
    TIM_OC1PreloadConfig                     0x080018eb   Thumb Code    18  stm32f4xx_tim.o(.text)
    TIM_OC2PreloadConfig                     0x080018fd   Thumb Code    26  stm32f4xx_tim.o(.text)
    TIM_OC3PreloadConfig                     0x08001917   Thumb Code    18  stm32f4xx_tim.o(.text)
    TIM_OC4PreloadConfig                     0x08001929   Thumb Code    26  stm32f4xx_tim.o(.text)
    TIM_OC1FastConfig                        0x08001943   Thumb Code    18  stm32f4xx_tim.o(.text)
    TIM_OC2FastConfig                        0x08001955   Thumb Code    26  stm32f4xx_tim.o(.text)
    TIM_OC3FastConfig                        0x0800196f   Thumb Code    18  stm32f4xx_tim.o(.text)
    TIM_OC4FastConfig                        0x08001981   Thumb Code    26  stm32f4xx_tim.o(.text)
    TIM_ClearOC1Ref                          0x0800199b   Thumb Code    18  stm32f4xx_tim.o(.text)
    TIM_ClearOC2Ref                          0x080019ad   Thumb Code    24  stm32f4xx_tim.o(.text)
    TIM_ClearOC3Ref                          0x080019c5   Thumb Code    18  stm32f4xx_tim.o(.text)
    TIM_ClearOC4Ref                          0x080019d7   Thumb Code    24  stm32f4xx_tim.o(.text)
    TIM_OC1PolarityConfig                    0x080019ef   Thumb Code    18  stm32f4xx_tim.o(.text)
    TIM_OC1NPolarityConfig                   0x08001a01   Thumb Code    18  stm32f4xx_tim.o(.text)
    TIM_OC2PolarityConfig                    0x08001a13   Thumb Code    26  stm32f4xx_tim.o(.text)
    TIM_OC2NPolarityConfig                   0x08001a2d   Thumb Code    26  stm32f4xx_tim.o(.text)
    TIM_OC3PolarityConfig                    0x08001a47   Thumb Code    26  stm32f4xx_tim.o(.text)
    TIM_OC3NPolarityConfig                   0x08001a61   Thumb Code    26  stm32f4xx_tim.o(.text)
    TIM_OC4PolarityConfig                    0x08001a7b   Thumb Code    26  stm32f4xx_tim.o(.text)
    TIM_CCxCmd                               0x08001a95   Thumb Code    30  stm32f4xx_tim.o(.text)
    TIM_CCxNCmd                              0x08001ab3   Thumb Code    30  stm32f4xx_tim.o(.text)
    TIM_SetIC4Prescaler                      0x08001ad1   Thumb Code    26  stm32f4xx_tim.o(.text)
    TIM_SetIC3Prescaler                      0x08001b3b   Thumb Code    18  stm32f4xx_tim.o(.text)
    TIM_SetIC2Prescaler                      0x08001b95   Thumb Code    26  stm32f4xx_tim.o(.text)
    TIM_SetIC1Prescaler                      0x08001c09   Thumb Code    18  stm32f4xx_tim.o(.text)
    TIM_ICInit                               0x08001c55   Thumb Code   110  stm32f4xx_tim.o(.text)
    TIM_ICStructInit                         0x08001cc3   Thumb Code    18  stm32f4xx_tim.o(.text)
    TIM_PWMIConfig                           0x08001cd5   Thumb Code   124  stm32f4xx_tim.o(.text)
    TIM_GetCapture1                          0x08001d51   Thumb Code     6  stm32f4xx_tim.o(.text)
    TIM_GetCapture2                          0x08001d57   Thumb Code     6  stm32f4xx_tim.o(.text)
    TIM_GetCapture3                          0x08001d5d   Thumb Code     6  stm32f4xx_tim.o(.text)
    TIM_GetCapture4                          0x08001d63   Thumb Code     6  stm32f4xx_tim.o(.text)
    TIM_BDTRConfig                           0x08001d69   Thumb Code    32  stm32f4xx_tim.o(.text)
    TIM_BDTRStructInit                       0x08001d89   Thumb Code    18  stm32f4xx_tim.o(.text)
    TIM_CtrlPWMOutputs                       0x08001d9b   Thumb Code    30  stm32f4xx_tim.o(.text)
    TIM_SelectCOM                            0x08001db9   Thumb Code    24  stm32f4xx_tim.o(.text)
    TIM_CCPreloadControl                     0x08001dd1   Thumb Code    24  stm32f4xx_tim.o(.text)
    TIM_ITConfig                             0x08001de9   Thumb Code    18  stm32f4xx_tim.o(.text)
    TIM_GenerateEvent                        0x08001dfb   Thumb Code     4  stm32f4xx_tim.o(.text)
    TIM_GetFlagStatus                        0x08001dff   Thumb Code    18  stm32f4xx_tim.o(.text)
    TIM_ClearFlag                            0x08001e11   Thumb Code     6  stm32f4xx_tim.o(.text)
    TIM_GetITStatus                          0x08001e17   Thumb Code    34  stm32f4xx_tim.o(.text)
    TIM_ClearITPendingBit                    0x08001e39   Thumb Code     6  stm32f4xx_tim.o(.text)
    TIM_DMAConfig                            0x08001e3f   Thumb Code    10  stm32f4xx_tim.o(.text)
    TIM_DMACmd                               0x08001e49   Thumb Code    18  stm32f4xx_tim.o(.text)
    TIM_SelectCCDMA                          0x08001e5b   Thumb Code    24  stm32f4xx_tim.o(.text)
    TIM_InternalClockConfig                  0x08001e73   Thumb Code    12  stm32f4xx_tim.o(.text)
    TIM_SelectInputTrigger                   0x08001e7f   Thumb Code    18  stm32f4xx_tim.o(.text)
    TIM_ITRxExternalClockConfig              0x08001e91   Thumb Code    24  stm32f4xx_tim.o(.text)
    TIM_TIxExternalClockConfig               0x08001ea9   Thumb Code    62  stm32f4xx_tim.o(.text)
    TIM_ETRConfig                            0x08001ee7   Thumb Code    28  stm32f4xx_tim.o(.text)
    TIM_ETRClockMode1Config                  0x08001f03   Thumb Code    54  stm32f4xx_tim.o(.text)
    TIM_ETRClockMode2Config                  0x08001f39   Thumb Code    32  stm32f4xx_tim.o(.text)
    TIM_SelectOutputTrigger                  0x08001f59   Thumb Code    18  stm32f4xx_tim.o(.text)
    TIM_SelectSlaveMode                      0x08001f6b   Thumb Code    18  stm32f4xx_tim.o(.text)
    TIM_SelectMasterSlaveMode                0x08001f7d   Thumb Code    18  stm32f4xx_tim.o(.text)
    TIM_EncoderInterfaceConfig               0x08001f8f   Thumb Code    66  stm32f4xx_tim.o(.text)
    TIM_SelectHallSensor                     0x08001fd1   Thumb Code    24  stm32f4xx_tim.o(.text)
    TIM_RemapConfig                          0x08001fe9   Thumb Code     6  stm32f4xx_tim.o(.text)
    USART_DeInit                             0x08001ff1   Thumb Code   156  stm32f4xx_usart.o(.text)
    USART_Init                               0x0800208d   Thumb Code   204  stm32f4xx_usart.o(.text)
    USART_StructInit                         0x08002159   Thumb Code    24  stm32f4xx_usart.o(.text)
    USART_ClockInit                          0x08002171   Thumb Code    32  stm32f4xx_usart.o(.text)
    USART_ClockStructInit                    0x08002191   Thumb Code    12  stm32f4xx_usart.o(.text)
    USART_Cmd                                0x0800219d   Thumb Code    24  stm32f4xx_usart.o(.text)
    USART_SetPrescaler                       0x080021b5   Thumb Code    16  stm32f4xx_usart.o(.text)
    USART_OverSampling8Cmd                   0x080021c5   Thumb Code    22  stm32f4xx_usart.o(.text)
    USART_OneBitMethodCmd                    0x080021db   Thumb Code    24  stm32f4xx_usart.o(.text)
    USART_SendData                           0x080021f3   Thumb Code     8  stm32f4xx_usart.o(.text)
    USART_ReceiveData                        0x080021fb   Thumb Code    10  stm32f4xx_usart.o(.text)
    USART_SetAddress                         0x08002205   Thumb Code    18  stm32f4xx_usart.o(.text)
    USART_ReceiverWakeUpCmd                  0x08002217   Thumb Code    24  stm32f4xx_usart.o(.text)
    USART_WakeUpConfig                       0x0800222f   Thumb Code    18  stm32f4xx_usart.o(.text)
    USART_LINBreakDetectLengthConfig         0x08002241   Thumb Code    18  stm32f4xx_usart.o(.text)
    USART_LINCmd                             0x08002253   Thumb Code    24  stm32f4xx_usart.o(.text)
    USART_SendBreak                          0x0800226b   Thumb Code    10  stm32f4xx_usart.o(.text)
    USART_HalfDuplexCmd                      0x08002275   Thumb Code    24  stm32f4xx_usart.o(.text)
    USART_SetGuardTime                       0x0800228d   Thumb Code    16  stm32f4xx_usart.o(.text)
    USART_SmartCardCmd                       0x0800229d   Thumb Code    24  stm32f4xx_usart.o(.text)
    USART_SmartCardNACKCmd                   0x080022b5   Thumb Code    24  stm32f4xx_usart.o(.text)
    USART_IrDAConfig                         0x080022cd   Thumb Code    18  stm32f4xx_usart.o(.text)
    USART_IrDACmd                            0x080022df   Thumb Code    24  stm32f4xx_usart.o(.text)
    USART_DMACmd                             0x080022f7   Thumb Code    18  stm32f4xx_usart.o(.text)
    USART_ITConfig                           0x08002309   Thumb Code    74  stm32f4xx_usart.o(.text)
    USART_GetFlagStatus                      0x08002353   Thumb Code    26  stm32f4xx_usart.o(.text)
    USART_ClearFlag                          0x0800236d   Thumb Code    18  stm32f4xx_usart.o(.text)
    USART_GetITStatus                        0x0800237f   Thumb Code   110  stm32f4xx_usart.o(.text)
    USART_ClearITPendingBit                  0x080023ed   Thumb Code    30  stm32f4xx_usart.o(.text)
    Reset_Handler                            0x0800240d   Thumb Code     8  startup_stm32f4xx.o(.text)
    ADC_IRQHandler                           0x08002427   Thumb Code     0  startup_stm32f4xx.o(.text)
    CAN1_RX0_IRQHandler                      0x08002427   Thumb Code     0  startup_stm32f4xx.o(.text)
    CAN1_RX1_IRQHandler                      0x08002427   Thumb Code     0  startup_stm32f4xx.o(.text)
    CAN1_SCE_IRQHandler                      0x08002427   Thumb Code     0  startup_stm32f4xx.o(.text)
    CAN1_TX_IRQHandler                       0x08002427   Thumb Code     0  startup_stm32f4xx.o(.text)
    CAN2_RX0_IRQHandler                      0x08002427   Thumb Code     0  startup_stm32f4xx.o(.text)
    CAN2_RX1_IRQHandler                      0x08002427   Thumb Code     0  startup_stm32f4xx.o(.text)
    CAN2_SCE_IRQHandler                      0x08002427   Thumb Code     0  startup_stm32f4xx.o(.text)
    CAN2_TX_IRQHandler                       0x08002427   Thumb Code     0  startup_stm32f4xx.o(.text)
    CRYP_IRQHandler                          0x08002427   Thumb Code     0  startup_stm32f4xx.o(.text)
    DCMI_IRQHandler                          0x08002427   Thumb Code     0  startup_stm32f4xx.o(.text)
    DMA1_Stream0_IRQHandler                  0x08002427   Thumb Code     0  startup_stm32f4xx.o(.text)
    DMA1_Stream1_IRQHandler                  0x08002427   Thumb Code     0  startup_stm32f4xx.o(.text)
    DMA1_Stream2_IRQHandler                  0x08002427   Thumb Code     0  startup_stm32f4xx.o(.text)
    DMA1_Stream3_IRQHandler                  0x08002427   Thumb Code     0  startup_stm32f4xx.o(.text)
    DMA1_Stream4_IRQHandler                  0x08002427   Thumb Code     0  startup_stm32f4xx.o(.text)
    DMA1_Stream5_IRQHandler                  0x08002427   Thumb Code     0  startup_stm32f4xx.o(.text)
    DMA1_Stream6_IRQHandler                  0x08002427   Thumb Code     0  startup_stm32f4xx.o(.text)
    DMA1_Stream7_IRQHandler                  0x08002427   Thumb Code     0  startup_stm32f4xx.o(.text)
    DMA2_Stream0_IRQHandler                  0x08002427   Thumb Code     0  startup_stm32f4xx.o(.text)
    DMA2_Stream1_IRQHandler                  0x08002427   Thumb Code     0  startup_stm32f4xx.o(.text)
    DMA2_Stream2_IRQHandler                  0x08002427   Thumb Code     0  startup_stm32f4xx.o(.text)
    DMA2_Stream3_IRQHandler                  0x08002427   Thumb Code     0  startup_stm32f4xx.o(.text)
    DMA2_Stream4_IRQHandler                  0x08002427   Thumb Code     0  startup_stm32f4xx.o(.text)
    DMA2_Stream5_IRQHandler                  0x08002427   Thumb Code     0  startup_stm32f4xx.o(.text)
    DMA2_Stream6_IRQHandler                  0x08002427   Thumb Code     0  startup_stm32f4xx.o(.text)
    DMA2_Stream7_IRQHandler                  0x08002427   Thumb Code     0  startup_stm32f4xx.o(.text)
    ETH_IRQHandler                           0x08002427   Thumb Code     0  startup_stm32f4xx.o(.text)
    ETH_WKUP_IRQHandler                      0x08002427   Thumb Code     0  startup_stm32f4xx.o(.text)
    EXTI1_IRQHandler                         0x08002427   Thumb Code     0  startup_stm32f4xx.o(.text)
    EXTI2_IRQHandler                         0x08002427   Thumb Code     0  startup_stm32f4xx.o(.text)
    EXTI3_IRQHandler                         0x08002427   Thumb Code     0  startup_stm32f4xx.o(.text)
    EXTI4_IRQHandler                         0x08002427   Thumb Code     0  startup_stm32f4xx.o(.text)
    EXTI9_5_IRQHandler                       0x08002427   Thumb Code     0  startup_stm32f4xx.o(.text)
    FLASH_IRQHandler                         0x08002427   Thumb Code     0  startup_stm32f4xx.o(.text)
    FPU_IRQHandler                           0x08002427   Thumb Code     0  startup_stm32f4xx.o(.text)
    FSMC_IRQHandler                          0x08002427   Thumb Code     0  startup_stm32f4xx.o(.text)
    HASH_RNG_IRQHandler                      0x08002427   Thumb Code     0  startup_stm32f4xx.o(.text)
    I2C1_ER_IRQHandler                       0x08002427   Thumb Code     0  startup_stm32f4xx.o(.text)
    I2C1_EV_IRQHandler                       0x08002427   Thumb Code     0  startup_stm32f4xx.o(.text)
    I2C2_ER_IRQHandler                       0x08002427   Thumb Code     0  startup_stm32f4xx.o(.text)
    I2C2_EV_IRQHandler                       0x08002427   Thumb Code     0  startup_stm32f4xx.o(.text)
    I2C3_ER_IRQHandler                       0x08002427   Thumb Code     0  startup_stm32f4xx.o(.text)
    I2C3_EV_IRQHandler                       0x08002427   Thumb Code     0  startup_stm32f4xx.o(.text)
    OTG_FS_IRQHandler                        0x08002427   Thumb Code     0  startup_stm32f4xx.o(.text)
    OTG_FS_WKUP_IRQHandler                   0x08002427   Thumb Code     0  startup_stm32f4xx.o(.text)
    OTG_HS_EP1_IN_IRQHandler                 0x08002427   Thumb Code     0  startup_stm32f4xx.o(.text)
    OTG_HS_EP1_OUT_IRQHandler                0x08002427   Thumb Code     0  startup_stm32f4xx.o(.text)
    OTG_HS_IRQHandler                        0x08002427   Thumb Code     0  startup_stm32f4xx.o(.text)
    OTG_HS_WKUP_IRQHandler                   0x08002427   Thumb Code     0  startup_stm32f4xx.o(.text)
    PVD_IRQHandler                           0x08002427   Thumb Code     0  startup_stm32f4xx.o(.text)
    RCC_IRQHandler                           0x08002427   Thumb Code     0  startup_stm32f4xx.o(.text)
    RTC_Alarm_IRQHandler                     0x08002427   Thumb Code     0  startup_stm32f4xx.o(.text)
    RTC_WKUP_IRQHandler                      0x08002427   Thumb Code     0  startup_stm32f4xx.o(.text)
    SDIO_IRQHandler                          0x08002427   Thumb Code     0  startup_stm32f4xx.o(.text)
    SPI1_IRQHandler                          0x08002427   Thumb Code     0  startup_stm32f4xx.o(.text)
    SPI2_IRQHandler                          0x08002427   Thumb Code     0  startup_stm32f4xx.o(.text)
    SPI3_IRQHandler                          0x08002427   Thumb Code     0  startup_stm32f4xx.o(.text)
    TAMP_STAMP_IRQHandler                    0x08002427   Thumb Code     0  startup_stm32f4xx.o(.text)
    TIM1_BRK_TIM9_IRQHandler                 0x08002427   Thumb Code     0  startup_stm32f4xx.o(.text)
    TIM1_CC_IRQHandler                       0x08002427   Thumb Code     0  startup_stm32f4xx.o(.text)
    TIM1_TRG_COM_TIM11_IRQHandler            0x08002427   Thumb Code     0  startup_stm32f4xx.o(.text)
    TIM1_UP_TIM10_IRQHandler                 0x08002427   Thumb Code     0  startup_stm32f4xx.o(.text)
    TIM2_IRQHandler                          0x08002427   Thumb Code     0  startup_stm32f4xx.o(.text)
    TIM4_IRQHandler                          0x08002427   Thumb Code     0  startup_stm32f4xx.o(.text)
    TIM6_DAC_IRQHandler                      0x08002427   Thumb Code     0  startup_stm32f4xx.o(.text)
    TIM7_IRQHandler                          0x08002427   Thumb Code     0  startup_stm32f4xx.o(.text)
    TIM8_BRK_TIM12_IRQHandler                0x08002427   Thumb Code     0  startup_stm32f4xx.o(.text)
    TIM8_CC_IRQHandler                       0x08002427   Thumb Code     0  startup_stm32f4xx.o(.text)
    TIM8_TRG_COM_TIM14_IRQHandler            0x08002427   Thumb Code     0  startup_stm32f4xx.o(.text)
    TIM8_UP_TIM13_IRQHandler                 0x08002427   Thumb Code     0  startup_stm32f4xx.o(.text)
    UART4_IRQHandler                         0x08002427   Thumb Code     0  startup_stm32f4xx.o(.text)
    UART5_IRQHandler                         0x08002427   Thumb Code     0  startup_stm32f4xx.o(.text)
    USART2_IRQHandler                        0x08002427   Thumb Code     0  startup_stm32f4xx.o(.text)
    USART3_IRQHandler                        0x08002427   Thumb Code     0  startup_stm32f4xx.o(.text)
    USART6_IRQHandler                        0x08002427   Thumb Code     0  startup_stm32f4xx.o(.text)
    WWDG_IRQHandler                          0x08002427   Thumb Code     0  startup_stm32f4xx.o(.text)
    __user_initial_stackheap                 0x08002429   Thumb Code     0  startup_stm32f4xx.o(.text)
    Delay_ms                                 0x08002499   Thumb Code    32  delay.o(.text)
    Delay_us                                 0x080024b9   Thumb Code    32  delay.o(.text)
    Delay_Ms                                 0x080024d9   Thumb Code    22  delay.o(.text)
    Delay_Us                                 0x080024ef   Thumb Code    20  delay.o(.text)
    Led_GPIO_Config                          0x08002515   Thumb Code    50  led.o(.text)
    Led_Num                                  0x08002547   Thumb Code    68  led.o(.text)
    USART3_Config                            0x08002591   Thumb Code   166  usart.o(.text)
    USART2_Config                            0x08002637   Thumb Code   164  usart.o(.text)
    USART3_Puts_it                           0x080026db   Thumb Code    34  usart.o(.text)
    USART2_Puts                              0x080026fd   Thumb Code    32  usart.o(.text)
    USART2_Puts_it                           0x0800271d   Thumb Code    32  usart.o(.text)
    USART2_Num                               0x0800273d   Thumb Code    22  usart.o(.text)
    USART2_Num_it                            0x08002753   Thumb Code    22  usart.o(.text)
    USART3_Num_it                            0x08002769   Thumb Code    22  usart.o(.text)
    USART1_Config                            0x0800277f   Thumb Code   164  usart.o(.text)
    USART3_Puts                              0x08002823   Thumb Code    34  usart.o(.text)
    USART3_Num                               0x08002845   Thumb Code   104  usart.o(.text)
    USART1_Puts                              0x080028ad   Thumb Code    34  usart.o(.text)
    USART1_Num                               0x080028cf   Thumb Code   104  usart.o(.text)
    Key_Init                                 0x08002951   Thumb Code    78  key_4x4.o(.text)
    Key_Display                              0x0800299f   Thumb Code   674  key_4x4.o(.text)
    Key_Action                               0x08002c41   Thumb Code   370  key_4x4.o(.text)
    YYH_Display                              0x08002dbd   Thumb Code    78  test_functions.o(.text)
    YYH_Function_Choose_Init                 0x08002e0b   Thumb Code    44  test_functions.o(.text)
    YYH_motor_Init                           0x08002e37   Thumb Code    96  test_functions.o(.text)
    YYH_motor                                0x08002e97   Thumb Code   552  test_functions.o(.text)
    Function_Choose                          0x080030bf   Thumb Code  2338  test_functions.o(.text)
    motor_init                               0x080039e1   Thumb Code    50  test_functions.o(.text)
    pulse_temp_clockwise1                    0x08003a13   Thumb Code    36  test_functions.o(.text)
    pulse_temp1                              0x08003a37   Thumb Code    36  test_functions.o(.text)
    TIM5_CH1_Cap_Init                        0x08003a85   Thumb Code   170  calculate_h_time.o(.text)
    TIM5_IRQHandler                          0x08003b2f   Thumb Code   194  calculate_h_time.o(.text)
    gpio_init                                0x08003c05   Thumb Code    62  st7735r.o(.text)
    ST7735R_dir                              0x08003c43   Thumb Code  2652  st7735r.o(.text)
    ST7735R_init                             0x0800469f   Thumb Code  4148  st7735r.o(.text)
    ST7735R_setregion                        0x080056d3   Thumb Code   678  st7735r.o(.text)
    st7735r_rectangle                        0x08005979   Thumb Code   158  st7735r.o(.text)
    st7735r_init                             0x08005a17   Thumb Code    26  st7735r.o(.text)
    st7735r_clear                            0x08005a31   Thumb Code    20  st7735r.o(.text)
    st7735r_piont                            0x08005a45   Thumb Code    24  st7735r.o(.text)
    st7735r_char                             0x08005a5d   Thumb Code   340  st7735r.o(.text)
    st7735r_string                           0x08005bb1   Thumb Code    72  st7735r.o(.text)
    st7735r_num                              0x08005bf9   Thumb Code   132  st7735r.o(.text)
    st7735r_numlen                           0x08005c7d   Thumb Code   228  st7735r.o(.text)
    st7735r_nnum                             0x08005d61   Thumb Code    76  st7735r.o(.text)
    __2sprintf                               0x08005dad   Thumb Code    34  noretval__2sprintf.o(.text)
    __printf                                 0x08005dd5   Thumb Code   104  __printf.o(.text)
    _printf_int_dec                          0x08005e3d   Thumb Code   104  _printf_dec.o(.text)
    __use_two_region_memory                  0x08005eb5   Thumb Code     2  heapauxi.o(.text)
    __rt_heap_escrow$2region                 0x08005eb7   Thumb Code     2  heapauxi.o(.text)
    __rt_heap_expand$2region                 0x08005eb9   Thumb Code     2  heapauxi.o(.text)
    _printf_int_common                       0x08005ebb   Thumb Code   178  _printf_intcommon.o(.text)
    _printf_char_common                      0x08005f77   Thumb Code    32  _printf_char_common.o(.text)
    _sputc                                   0x08005f9d   Thumb Code    10  _sputc.o(.text)
    __user_setup_stackheap                   0x08005fa7   Thumb Code    74  sys_stackheap_outer.o(.text)
    exit                                     0x08005ff1   Thumb Code    18  exit.o(.text)
    __user_libspace                          0x08006005   Thumb Code     8  libspace.o(.text)
    __user_perproc_libspace                  0x08006005   Thumb Code     0  libspace.o(.text)
    __user_perthread_libspace                0x08006005   Thumb Code     0  libspace.o(.text)
    _sys_exit                                0x0800600d   Thumb Code     8  sys_exit.o(.text)
    __I$use$semihosting                      0x08006019   Thumb Code     0  use_no_semi.o(.text)
    __use_no_semihosting_swi                 0x08006019   Thumb Code     2  use_no_semi.o(.text)
    __semihosting_library_function           0x0800601b   Thumb Code     0  indicate_semi.o(.text)
    _fp_init                                 0x0800601b   Thumb Code    10  fpinit.o(x$fpl$fpinit)
    __fplib_config_fpu_vfp                   0x08006023   Thumb Code     0  fpinit.o(x$fpl$fpinit)
    __fplib_config_pureend_doubles           0x08006023   Thumb Code     0  fpinit.o(x$fpl$fpinit)
    Region$$Table$$Base                      0x0800a524   Number         0  anon$$obj.o(Region$$Table)
    Region$$Table$$Limit                     0x0800a544   Number         0  anon$$obj.o(Region$$Table)
    Data                                     0x20000000   Data           1  stm32f4xx_it.o(.data)
    x_data                                   0x20000004   Data           4  stm32f4xx_it.o(.data)
    y_data                                   0x20000008   Data           4  stm32f4xx_it.o(.data)
    z_data                                   0x2000000c   Data           4  stm32f4xx_it.o(.data)
    begin_temp                               0x20000010   Data           4  stm32f4xx_it.o(.data)
    x_temp                                   0x20000014   Data           4  stm32f4xx_it.o(.data)
    y_temp                                   0x20000018   Data           4  stm32f4xx_it.o(.data)
    z_temp                                   0x2000001c   Data           4  stm32f4xx_it.o(.data)
    finish_temp                              0x20000020   Data           4  stm32f4xx_it.o(.data)
    x_first                                  0x20000024   Data           4  stm32f4xx_it.o(.data)
    y_first                                  0x20000028   Data           4  stm32f4xx_it.o(.data)
    z_first                                  0x2000002c   Data           4  stm32f4xx_it.o(.data)
    x_tp                                     0x20000030   Data           4  stm32f4xx_it.o(.data)
    y_tp                                     0x20000034   Data           4  stm32f4xx_it.o(.data)
    z_tp                                     0x20000038   Data           4  stm32f4xx_it.o(.data)
    x                                        0x2000003c   Data           4  stm32f4xx_it.o(.data)
    y                                        0x20000040   Data           4  stm32f4xx_it.o(.data)
    z                                        0x20000044   Data           4  stm32f4xx_it.o(.data)
    sum_x                                    0x20000048   Data           4  stm32f4xx_it.o(.data)
    sum_y                                    0x2000004c   Data           4  stm32f4xx_it.o(.data)
    sum_z                                    0x20000050   Data           4  stm32f4xx_it.o(.data)
    flag                                     0x20000054   Data           4  stm32f4xx_it.o(.data)
    SystemCoreClock                          0x20000058   Data           4  system_stm32f4xx.o(.data)
    AHBPrescTable                            0x2000005c   Data          16  system_stm32f4xx.o(.data)
    TimingDelay                              0x2000007c   Data           4  delay.o(.data)
    Num_Temp_mine                            0x20000080   Data           4  key_4x4.o(.data)
    Key_Value                                0x20000084   Data           4  key_4x4.o(.data)
    Key_value                                0x20000088   Data           4  key_4x4.o(.data)
    YYH_mode                                 0x2000008c   Data           4  test_functions.o(.data)
    mode_control                             0x20000090   Data           4  test_functions.o(.data)
    tp_up                                    0x20000094   Data           4  test_functions.o(.data)
    tp_down                                  0x20000098   Data           4  test_functions.o(.data)
    first_tp                                 0x2000009c   Data           4  test_functions.o(.data)
    key_Choose_y                             0x200000a0   Data           4  test_functions.o(.data)
    flag_keydown                             0x200000a4   Data           4  test_functions.o(.data)
    yes_count                                0x200000a8   Data           4  test_functions.o(.data)
    M1_lr                                    0x200000ac   Data           4  test_functions.o(.data)
    M2_lr                                    0x200000b0   Data           4  test_functions.o(.data)
    M3_lr                                    0x200000b4   Data           4  test_functions.o(.data)
    M1_num                                   0x200000b8   Data           4  test_functions.o(.data)
    M2_num                                   0x200000bc   Data           4  test_functions.o(.data)
    M3_num                                   0x200000c0   Data           4  test_functions.o(.data)
    i_1                                      0x200000c4   Data           4  test_functions.o(.data)
    i                                        0x200000c8   Data           4  test_functions.o(.data)
    TIM5CH1_CAPTURE_STA                      0x200000cc   Data           1  calculate_h_time.o(.data)
    TIM5CH1_CAPTURE_VAL                      0x200000d0   Data           4  calculate_h_time.o(.data)
    st7735r_dir                              0x200000ec   Data           1  st7735r.o(.data)
    st7735r_h                                0x200000ee   Data           2  st7735r.o(.data)
    st7735r_w                                0x200000f0   Data           2  st7735r.o(.data)
    TIM5_ICInitStructure                     0x200000f4   Data          10  calculate_h_time.o(.bss)
    __libspace_start                         0x20000100   Data          96  libspace.o(.bss)
    __temporary_stack_top$libspace           0x20000160   Data           0  libspace.o(.bss)



==============================================================================

Memory Map of the image

  Image Entry point : 0x08000189

  Load Region LR_IROM1 (Base: 0x08000000, Size: 0x0000a638, Max: 0x00100000, ABSOLUTE)

    Execution Region ER_IROM1 (Base: 0x08000000, Size: 0x0000a544, Max: 0x00100000, ABSOLUTE)

    Base Addr    Size         Type   Attr      Idx    E Section Name        Object

    0x08000000   0x00000188   Data   RO          753    RESET               startup_stm32f4xx.o
    0x08000188   0x00000008   Code   RO         1171  * !!!main             c_w.l(__main.o)
    0x08000190   0x00000034   Code   RO         1337    !!!scatter          c_w.l(__scatter.o)
    0x080001c4   0x0000001a   Code   RO         1339    !!handler_copy      c_w.l(__scatter_copy.o)
    0x080001de   0x00000002   PAD
    0x080001e0   0x0000001c   Code   RO         1341    !!handler_zi        c_w.l(__scatter_zi.o)
    0x080001fc   0x00000000   Code   RO         1166    .ARM.Collect$$_printf_percent$$00000000  c_w.l(_printf_percent.o)
    0x080001fc   0x00000006   Code   RO         1165    .ARM.Collect$$_printf_percent$$00000009  c_w.l(_printf_d.o)
    0x08000202   0x00000004   Code   RO         1180    .ARM.Collect$$_printf_percent$$00000017  c_w.l(_printf_percent_end.o)
    0x08000206   0x00000002   Code   RO         1207    .ARM.Collect$$libinit$$00000000  c_w.l(libinit.o)
    0x08000208   0x00000004   Code   RO         1213    .ARM.Collect$$libinit$$00000001  c_w.l(libinit2.o)
    0x0800020c   0x00000000   Code   RO         1216    .ARM.Collect$$libinit$$00000004  c_w.l(libinit2.o)
    0x0800020c   0x00000000   Code   RO         1219    .ARM.Collect$$libinit$$0000000A  c_w.l(libinit2.o)
    0x0800020c   0x00000000   Code   RO         1221    .ARM.Collect$$libinit$$0000000C  c_w.l(libinit2.o)
    0x0800020c   0x00000000   Code   RO         1223    .ARM.Collect$$libinit$$0000000E  c_w.l(libinit2.o)
    0x0800020c   0x00000000   Code   RO         1226    .ARM.Collect$$libinit$$00000011  c_w.l(libinit2.o)
    0x0800020c   0x00000000   Code   RO         1228    .ARM.Collect$$libinit$$00000013  c_w.l(libinit2.o)
    0x0800020c   0x00000000   Code   RO         1230    .ARM.Collect$$libinit$$00000015  c_w.l(libinit2.o)
    0x0800020c   0x00000000   Code   RO         1232    .ARM.Collect$$libinit$$00000017  c_w.l(libinit2.o)
    0x0800020c   0x00000000   Code   RO         1234    .ARM.Collect$$libinit$$00000019  c_w.l(libinit2.o)
    0x0800020c   0x00000000   Code   RO         1236    .ARM.Collect$$libinit$$0000001B  c_w.l(libinit2.o)
    0x0800020c   0x00000000   Code   RO         1238    .ARM.Collect$$libinit$$0000001D  c_w.l(libinit2.o)
    0x0800020c   0x00000000   Code   RO         1240    .ARM.Collect$$libinit$$0000001F  c_w.l(libinit2.o)
    0x0800020c   0x00000000   Code   RO         1242    .ARM.Collect$$libinit$$00000021  c_w.l(libinit2.o)
    0x0800020c   0x00000000   Code   RO         1244    .ARM.Collect$$libinit$$00000023  c_w.l(libinit2.o)
    0x0800020c   0x00000000   Code   RO         1246    .ARM.Collect$$libinit$$00000025  c_w.l(libinit2.o)
    0x0800020c   0x00000000   Code   RO         1250    .ARM.Collect$$libinit$$0000002C  c_w.l(libinit2.o)
    0x0800020c   0x00000000   Code   RO         1252    .ARM.Collect$$libinit$$0000002E  c_w.l(libinit2.o)
    0x0800020c   0x00000000   Code   RO         1254    .ARM.Collect$$libinit$$00000030  c_w.l(libinit2.o)
    0x0800020c   0x00000000   Code   RO         1256    .ARM.Collect$$libinit$$00000032  c_w.l(libinit2.o)
    0x0800020c   0x00000002   Code   RO         1257    .ARM.Collect$$libinit$$00000033  c_w.l(libinit2.o)
    0x0800020e   0x00000002   Code   RO         1277    .ARM.Collect$$libshutdown$$00000000  c_w.l(libshutdown.o)
    0x08000210   0x00000000   Code   RO         1290    .ARM.Collect$$libshutdown$$00000002  c_w.l(libshutdown2.o)
    0x08000210   0x00000000   Code   RO         1292    .ARM.Collect$$libshutdown$$00000004  c_w.l(libshutdown2.o)
    0x08000210   0x00000000   Code   RO         1295    .ARM.Collect$$libshutdown$$00000007  c_w.l(libshutdown2.o)
    0x08000210   0x00000000   Code   RO         1298    .ARM.Collect$$libshutdown$$0000000A  c_w.l(libshutdown2.o)
    0x08000210   0x00000000   Code   RO         1300    .ARM.Collect$$libshutdown$$0000000C  c_w.l(libshutdown2.o)
    0x08000210   0x00000000   Code   RO         1303    .ARM.Collect$$libshutdown$$0000000F  c_w.l(libshutdown2.o)
    0x08000210   0x00000002   Code   RO         1304    .ARM.Collect$$libshutdown$$00000010  c_w.l(libshutdown2.o)
    0x08000212   0x00000000   Code   RO         1173    .ARM.Collect$$rtentry$$00000000  c_w.l(__rtentry.o)
    0x08000212   0x00000000   Code   RO         1182    .ARM.Collect$$rtentry$$00000002  c_w.l(__rtentry2.o)
    0x08000212   0x00000006   Code   RO         1194    .ARM.Collect$$rtentry$$00000004  c_w.l(__rtentry4.o)
    0x08000218   0x00000000   Code   RO         1184    .ARM.Collect$$rtentry$$00000009  c_w.l(__rtentry2.o)
    0x08000218   0x00000004   Code   RO         1185    .ARM.Collect$$rtentry$$0000000A  c_w.l(__rtentry2.o)
    0x0800021c   0x00000000   Code   RO         1187    .ARM.Collect$$rtentry$$0000000C  c_w.l(__rtentry2.o)
    0x0800021c   0x00000008   Code   RO         1188    .ARM.Collect$$rtentry$$0000000D  c_w.l(__rtentry2.o)
    0x08000224   0x00000002   Code   RO         1211    .ARM.Collect$$rtexit$$00000000  c_w.l(rtexit.o)
    0x08000226   0x00000000   Code   RO         1259    .ARM.Collect$$rtexit$$00000002  c_w.l(rtexit2.o)
    0x08000226   0x00000004   Code   RO         1260    .ARM.Collect$$rtexit$$00000003  c_w.l(rtexit2.o)
    0x0800022a   0x00000006   Code   RO         1261    .ARM.Collect$$rtexit$$00000004  c_w.l(rtexit2.o)
    0x08000230   0x00000100   Code   RO            2    .text               main.o
    0x08000330   0x0000042c   Code   RO          167    .text               stm32f4xx_it.o
    0x0800075c   0x00000210   Code   RO          232    .text               system_stm32f4xx.o
    0x0800096c   0x000000e0   Code   RO          254    .text               misc.o
    0x08000a4c   0x0000011c   Code   RO          446    .text               stm32f4xx_exti.o
    0x08000b68   0x0000025c   Code   RO          494    .text               stm32f4xx_gpio.o
    0x08000dc4   0x00000588   Code   RO          606    .text               stm32f4xx_rcc.o
    0x0800134c   0x00000ca2   Code   RO          704    .text               stm32f4xx_tim.o
    0x08001fee   0x00000002   PAD
    0x08001ff0   0x0000041a   Code   RO          720    .text               stm32f4xx_usart.o
    0x0800240a   0x00000002   PAD
    0x0800240c   0x00000040   Code   RO          754    .text               startup_stm32f4xx.o
    0x0800244c   0x000000c8   Code   RO          759    .text               delay.o
    0x08002514   0x0000007c   Code   RO          782    .text               led.o
    0x08002590   0x000003c0   Code   RO          798    .text               usart.o
    0x08002950   0x0000046c   Code   RO          814    .text               key_4x4.o
    0x08002dbc   0x00000cc8   Code   RO          979    .text               test_functions.o
    0x08003a84   0x00000180   Code   RO          999    .text               calculate_h_time.o
    0x08003c04   0x000021a8   Code   RO         1113    .text               st7735r.o
    0x08005dac   0x00000028   Code   RO         1139    .text               c_w.l(noretval__2sprintf.o)
    0x08005dd4   0x00000068   Code   RO         1141    .text               c_w.l(__printf.o)
    0x08005e3c   0x00000078   Code   RO         1143    .text               c_w.l(_printf_dec.o)
    0x08005eb4   0x00000006   Code   RO         1169    .text               c_w.l(heapauxi.o)
    0x08005eba   0x000000b2   Code   RO         1174    .text               c_w.l(_printf_intcommon.o)
    0x08005f6c   0x00000030   Code   RO         1176    .text               c_w.l(_printf_char_common.o)
    0x08005f9c   0x0000000a   Code   RO         1178    .text               c_w.l(_sputc.o)
    0x08005fa6   0x0000004a   Code   RO         1198    .text               c_w.l(sys_stackheap_outer.o)
    0x08005ff0   0x00000012   Code   RO         1200    .text               c_w.l(exit.o)
    0x08006002   0x00000002   PAD
    0x08006004   0x00000008   Code   RO         1208    .text               c_w.l(libspace.o)
    0x0800600c   0x0000000c   Code   RO         1269    .text               c_w.l(sys_exit.o)
    0x08006018   0x00000002   Code   RO         1280    .text               c_w.l(use_no_semi.o)
    0x0800601a   0x00000000   Code   RO         1282    .text               c_w.l(indicate_semi.o)
    0x0800601a   0x0000000a   Code   RO         1267    x$fpl$fpinit        fz_wm.l(fpinit.o)
    0x08006024   0x00004500   Data   RO         1114    .constdata          st7735r.o
    0x0800a524   0x00000020   Data   RO         1335    Region$$Table       anon$$obj.o


    Execution Region RW_IRAM1 (Base: 0x20000000, Size: 0x00000760, Max: 0x00020000, ABSOLUTE)

    Base Addr    Size         Type   Attr      Idx    E Section Name        Object

    0x20000000   0x00000058   Data   RW          168    .data               stm32f4xx_it.o
    0x20000058   0x00000014   Data   RW          233    .data               system_stm32f4xx.o
    0x2000006c   0x00000010   Data   RW          607    .data               stm32f4xx_rcc.o
    0x2000007c   0x00000004   Data   RW          760    .data               delay.o
    0x20000080   0x0000000c   Data   RW          815    .data               key_4x4.o
    0x2000008c   0x00000040   Data   RW          980    .data               test_functions.o
    0x200000cc   0x00000008   Data   RW         1001    .data               calculate_h_time.o
    0x200000d4   0x0000001e   Data   RW         1115    .data               st7735r.o
    0x200000f2   0x00000002   PAD
    0x200000f4   0x0000000a   Zero   RW         1000    .bss                calculate_h_time.o
    0x200000fe   0x00000002   PAD
    0x20000100   0x00000060   Zero   RW         1209    .bss                c_w.l(libspace.o)
    0x20000160   0x00000200   Zero   RW          752    HEAP                startup_stm32f4xx.o
    0x20000360   0x00000400   Zero   RW          751    STACK               startup_stm32f4xx.o


==============================================================================

Image component sizes


      Code (inc. data)   RO Data    RW Data    ZI Data      Debug   Object Name

       384         20          0          8         10       1407   calculate_h_time.o
       200         18          0          4          0      20115   delay.o
      1132         28          0         12          0       1790   key_4x4.o
       124          6          0          0          0        718   led.o
       256         56          0          0          0     280574   main.o
       224         20          0          0          0       1941   misc.o
      8616        142      17664         30          0      10544   st7735r.o
        64         26        392          0       1536        912   startup_stm32f4xx.o
       284         10          0          0          0       2443   stm32f4xx_exti.o
       604         36          0          0          0       4245   stm32f4xx_gpio.o
      1068         82          0         88          0       3230   stm32f4xx_it.o
      1416         48          0         16          0      11179   stm32f4xx_rcc.o
      3234         60          0          0          0      23136   stm32f4xx_tim.o
      1050         26          0          0          0       7980   stm32f4xx_usart.o
       528         46          0         20          0       1823   system_stm32f4xx.o
      3272        226          0         64          0       4525   test_functions.o
       960         26          0          0          0       3487   usart.o

    ----------------------------------------------------------------------
     23420        876      18088        244       1548     380049   Object Totals
         0          0         32          0          0          0   (incl. Generated)
         4          0          0          2          2          0   (incl. Padding)

    ----------------------------------------------------------------------

      Code (inc. data)   RO Data    RW Data    ZI Data      Debug   Library Member Name

         8          0          0          0          0         68   __main.o
       104          0          0          0          0         84   __printf.o
         0          0          0          0          0          0   __rtentry.o
        12          0          0          0          0          0   __rtentry2.o
         6          0          0          0          0          0   __rtentry4.o
        52          8          0          0          0          0   __scatter.o
        26          0          0          0          0          0   __scatter_copy.o
        28          0          0          0          0          0   __scatter_zi.o
        48          6          0          0          0         96   _printf_char_common.o
         6          0          0          0          0          0   _printf_d.o
       120         16          0          0          0         92   _printf_dec.o
       178          0          0          0          0         88   _printf_intcommon.o
         0          0          0          0          0          0   _printf_percent.o
         4          0          0          0          0          0   _printf_percent_end.o
        10          0          0          0          0         68   _sputc.o
        18          0          0          0          0         80   exit.o
         6          0          0          0          0        152   heapauxi.o
         0          0          0          0          0          0   indicate_semi.o
         2          0          0          0          0          0   libinit.o
         6          0          0          0          0          0   libinit2.o
         2          0          0          0          0          0   libshutdown.o
         2          0          0          0          0          0   libshutdown2.o
         8          4          0          0         96         68   libspace.o
        40          6          0          0          0         84   noretval__2sprintf.o
         2          0          0          0          0          0   rtexit.o
        10          0          0          0          0          0   rtexit2.o
        12          4          0          0          0         68   sys_exit.o
        74          0          0          0          0         80   sys_stackheap_outer.o
         2          0          0          0          0         68   use_no_semi.o
        10          0          0          0          0        116   fpinit.o

    ----------------------------------------------------------------------
       800         44          0          0         96       1212   Library Totals
         4          0          0          0          0          0   (incl. Padding)

    ----------------------------------------------------------------------

      Code (inc. data)   RO Data    RW Data    ZI Data      Debug   Library Name

       786         44          0          0         96       1096   c_w.l
        10          0          0          0          0        116   fz_wm.l

    ----------------------------------------------------------------------
       800         44          0          0         96       1212   Library Totals

    ----------------------------------------------------------------------

==============================================================================


      Code (inc. data)   RO Data    RW Data    ZI Data      Debug   

     24220        920      18088        244       1644     377693   Grand Totals
     24220        920      18088        244       1644     377693   ELF Image Totals
     24220        920      18088        244          0          0   ROM Totals

==============================================================================

    Total RO  Size (Code + RO Data)                42308 (  41.32kB)
    Total RW  Size (RW Data + ZI Data)              1888 (   1.84kB)
    Total ROM Size (Code + RO Data + RW Data)      42552 (  41.55kB)

==============================================================================

